Component: ARM Compiler 5.06 update 3 (build 300) Tool: armlink [4d35c9]

==============================================================================

Section Cross References

    startup_stm32h743xx.o(STACK) refers (Special) to heapauxi.o(.text) for __use_two_region_memory
    startup_stm32h743xx.o(HEAP) refers (Special) to heapauxi.o(.text) for __use_two_region_memory
    startup_stm32h743xx.o(RESET) refers (Special) to heapauxi.o(.text) for __use_two_region_memory
    startup_stm32h743xx.o(RESET) refers to startup_stm32h743xx.o(STACK) for __initial_sp
    startup_stm32h743xx.o(RESET) refers to startup_stm32h743xx.o(.text) for Reset_Handler
    startup_stm32h743xx.o(RESET) refers to stm32h7xx_it.o(i.NMI_Handler) for NMI_Handler
    startup_stm32h743xx.o(RESET) refers to stm32h7xx_it.o(i.HardFault_Handler) for HardFault_Handler
    startup_stm32h743xx.o(RESET) refers to stm32h7xx_it.o(i.MemManage_Handler) for MemManage_Handler
    startup_stm32h743xx.o(RESET) refers to stm32h7xx_it.o(i.BusFault_Handler) for BusFault_Handler
    startup_stm32h743xx.o(RESET) refers to stm32h7xx_it.o(i.UsageFault_Handler) for UsageFault_Handler
    startup_stm32h743xx.o(RESET) refers to stm32h7xx_it.o(i.SVC_Handler) for SVC_Handler
    startup_stm32h743xx.o(RESET) refers to stm32h7xx_it.o(i.DebugMon_Handler) for DebugMon_Handler
    startup_stm32h743xx.o(RESET) refers to stm32h7xx_it.o(i.PendSV_Handler) for PendSV_Handler
    startup_stm32h743xx.o(RESET) refers to stm32h7xx_it.o(i.SysTick_Handler) for SysTick_Handler
    startup_stm32h743xx.o(RESET) refers to key_bsp.o(i.EXTI0_IRQHandler) for EXTI0_IRQHandler
    startup_stm32h743xx.o(RESET) refers to key_bsp.o(i.EXTI2_IRQHandler) for EXTI2_IRQHandler
    startup_stm32h743xx.o(RESET) refers to key_bsp.o(i.EXTI3_IRQHandler) for EXTI3_IRQHandler
    startup_stm32h743xx.o(RESET) refers to usart_bsp.o(i.USART1_IRQHandler) for USART1_IRQHandler
    startup_stm32h743xx.o(RESET) refers to key_bsp.o(i.EXTI15_10_IRQHandler) for EXTI15_10_IRQHandler
    startup_stm32h743xx.o(RESET) refers to pwm.o(i.TIM8_UP_TIM13_IRQHandler) for TIM8_UP_TIM13_IRQHandler
    startup_stm32h743xx.o(RESET) refers to bldc_sys_ctrl.o(i.TIM6_DAC_IRQHandler) for TIM6_DAC_IRQHandler
    startup_stm32h743xx.o(.text) refers (Special) to heapauxi.o(.text) for __use_two_region_memory
    startup_stm32h743xx.o(.text) refers to system_stm32h7xx.o(i.SystemInit) for SystemInit
    startup_stm32h743xx.o(.text) refers to __main.o(!!!main) for __main
    startup_stm32h743xx.o(.text) refers to startup_stm32h743xx.o(HEAP) for Heap_Mem
    startup_stm32h743xx.o(.text) refers to startup_stm32h743xx.o(STACK) for Stack_Mem
    system_stm32h7xx.o(i.SystemCoreClockUpdate) refers to system_stm32h7xx.o(.data) for SystemCoreClock
    system_stm32h7xx.o(i.SystemCoreClockUpdate) refers to system_stm32h7xx.o(.constdata) for D1CorePrescTable
    stm32h7xx_hal.o(i.HAL_DeInit) refers to stm32h7xx_hal.o(i.HAL_MspDeInit) for HAL_MspDeInit
    stm32h7xx_hal.o(i.HAL_Delay) refers to stm32h7xx_hal.o(i.HAL_GetTick) for HAL_GetTick
    stm32h7xx_hal.o(i.HAL_Delay) refers to stm32h7xx_hal.o(.data) for uwTickFreq
    stm32h7xx_hal.o(i.HAL_GetTick) refers to stm32h7xx_hal.o(.data) for uwTick
    stm32h7xx_hal.o(i.HAL_GetTickFreq) refers to stm32h7xx_hal.o(.data) for uwTickFreq
    stm32h7xx_hal.o(i.HAL_GetTickPrio) refers to stm32h7xx_hal.o(.data) for uwTickPrio
    stm32h7xx_hal.o(i.HAL_IncTick) refers to stm32h7xx_hal.o(.data) for uwTick
    stm32h7xx_hal.o(i.HAL_Init) refers to stm32h7xx_hal_cortex.o(i.HAL_NVIC_SetPriorityGrouping) for HAL_NVIC_SetPriorityGrouping
    stm32h7xx_hal.o(i.HAL_Init) refers to stm32h7xx_hal_rcc_1.o(i.HAL_RCC_GetSysClockFreq) for HAL_RCC_GetSysClockFreq
    stm32h7xx_hal.o(i.HAL_Init) refers to stm32h7xx_hal.o(i.HAL_InitTick) for HAL_InitTick
    stm32h7xx_hal.o(i.HAL_Init) refers to stm32h7xx_hal.o(i.HAL_MspInit) for HAL_MspInit
    stm32h7xx_hal.o(i.HAL_Init) refers to system_stm32h7xx.o(.constdata) for D1CorePrescTable
    stm32h7xx_hal.o(i.HAL_Init) refers to system_stm32h7xx.o(.data) for SystemCoreClock
    stm32h7xx_hal.o(i.HAL_InitTick) refers to stm32h7xx_hal_cortex.o(i.HAL_SYSTICK_Config) for HAL_SYSTICK_Config
    stm32h7xx_hal.o(i.HAL_InitTick) refers to stm32h7xx_hal_cortex.o(i.HAL_NVIC_SetPriority) for HAL_NVIC_SetPriority
    stm32h7xx_hal.o(i.HAL_InitTick) refers to stm32h7xx_hal.o(.data) for uwTickFreq
    stm32h7xx_hal.o(i.HAL_InitTick) refers to system_stm32h7xx.o(.data) for SystemCoreClock
    stm32h7xx_hal.o(i.HAL_SYSCFG_EnableVREFBUF) refers to stm32h7xx_hal.o(i.HAL_GetTick) for HAL_GetTick
    stm32h7xx_hal.o(i.HAL_SetTickFreq) refers to stm32h7xx_hal.o(i.HAL_InitTick) for HAL_InitTick
    stm32h7xx_hal.o(i.HAL_SetTickFreq) refers to stm32h7xx_hal.o(.data) for uwTickFreq
    stm32h7xx_hal_adc.o(i.ADC_ConfigureBoostMode) refers to stm32h7xx_hal_rcc_1.o(i.HAL_RCC_GetHCLKFreq) for HAL_RCC_GetHCLKFreq
[...]
    i.UART_DMAAbortOnError                   0x08004fc0   Section        0  stm32h7xx_hal_uart.o(i.UART_DMAAbortOnError)
    UART_DMAAbortOnError                     0x08004fc1   Thumb Code    24  stm32h7xx_hal_uart.o(i.UART_DMAAbortOnError)
    i.UART_EndRxTransfer                     0x08004fd8   Section        0  stm32h7xx_hal_uart.o(i.UART_EndRxTransfer)
    UART_EndRxTransfer                       0x08004fd9   Thumb Code    36  stm32h7xx_hal_uart.o(i.UART_EndRxTransfer)
    i.UART_EndTransmit_IT                    0x08005000   Section        0  stm32h7xx_hal_uart.o(i.UART_EndTransmit_IT)
    UART_EndTransmit_IT                      0x08005001   Thumb Code    34  stm32h7xx_hal_uart.o(i.UART_EndTransmit_IT)
    i.UART_SetConfig                         0x08005024   Section        0  stm32h7xx_hal_uart.o(i.UART_SetConfig)
    i.UART_WaitOnFlagUntilTimeout            0x08006714   Section        0  stm32h7xx_hal_uart.o(i.UART_WaitOnFlagUntilTimeout)
    i.USART1_IRQHandler                      0x080067d4   Section        0  usart_bsp.o(i.USART1_IRQHandler)
    i.UsageFault_Handler                     0x080067f8   Section        0  stm32h7xx_it.o(i.UsageFault_Handler)
    i.__ARM_fpclassify                       0x080067fc   Section        0  fpclassify.o(i.__ARM_fpclassify)
    i.__NVIC_GetPriorityGrouping             0x0800682c   Section        0  stm32h7xx_hal_cortex.o(i.__NVIC_GetPriorityGrouping)
    __NVIC_GetPriorityGrouping               0x0800682d   Thumb Code    10  stm32h7xx_hal_cortex.o(i.__NVIC_GetPriorityGrouping)
    i.__NVIC_SetPriority                     0x0800683c   Section        0  stm32h7xx_hal_cortex.o(i.__NVIC_SetPriority)
    __NVIC_SetPriority                       0x0800683d   Thumb Code    32  stm32h7xx_hal_cortex.o(i.__NVIC_SetPriority)
    i._is_digit                              0x08006864   Section        0  __printf_wp.o(i._is_digit)
    i._sys_exit                              0x08006872   Section        0  usart_bsp.o(i._sys_exit)
    i.bldc0_accelerate_pwm_set               0x08006878   Section        0  pwm.o(i.bldc0_accelerate_pwm_set)
    i.bldc0_actutor_dir_set                  0x08006990   Section        0  bldc_sys_bldc_drive.o(i.bldc0_actutor_dir_set)
    i.bldc0_actutor_disable                  0x0800699c   Section        0  bldc_sys_bldc_drive.o(i.bldc0_actutor_disable)
    i.bldc0_actutor_enable                   0x080069a8   Section        0  bldc_sys_bldc_drive.o(i.bldc0_actutor_enable)
    i.bldc0_actutor_init                     0x080069b4   Section        0  bldc_sys_bldc_drive.o(i.bldc0_actutor_init)
    i.bldc0_actutor_speed_set                0x080069c0   Section        0  bldc_sys_bldc_drive.o(i.bldc0_actutor_speed_set)
    i.bldc0_commutation_uhvl                 0x080069f4   Section        0  commutation.o(i.bldc0_commutation_uhvl)
    i.bldc0_commutation_uhwl                 0x08006a40   Section        0  commutation.o(i.bldc0_commutation_uhwl)
    i.bldc0_commutation_vhul                 0x08006a8c   Section        0  commutation.o(i.bldc0_commutation_vhul)
    i.bldc0_commutation_vhwl                 0x08006adc   Section        0  commutation.o(i.bldc0_commutation_vhwl)
    i.bldc0_commutation_whul                 0x08006b28   Section        0  commutation.o(i.bldc0_commutation_whul)
    i.bldc0_commutation_whvl                 0x08006b74   Section        0  commutation.o(i.bldc0_commutation_whvl)
    i.bldc0_dir_set                          0x08006bc0   Section        0  pwm.o(i.bldc0_dir_set)
    i.bldc0_emf_zerodetect_init              0x08006bcc   Section        0  emf_zerodetect.o(i.bldc0_emf_zerodetect_init)
    i.bldc0_emfedge_detect                   0x08006bd4   Section        0  emf_zerodetect.o(i.bldc0_emfedge_detect)
    bldc0_emfedge_detect                     0x08006bd5   Thumb Code    42  emf_zerodetect.o(i.bldc0_emfedge_detect)
    i.bldc0_emfzero_ctrl                     0x08006c04   Section        0  emf_zerodetect.o(i.bldc0_emfzero_ctrl)
    bldc0_emfzero_ctrl                       0x08006c05   Thumb Code   104  emf_zerodetect.o(i.bldc0_emfzero_ctrl)
    i.bldc0_emfzero_detect_top               0x08006c70   Section        0  emf_zerodetect.o(i.bldc0_emfzero_detect_top)
    i.bldc0_emfzero_gpio_init                0x08006cfc   Section        0  emf_zerodetect.o(i.bldc0_emfzero_gpio_init)
    bldc0_emfzero_gpio_init                  0x08006cfd   Thumb Code   212  emf_zerodetect.o(i.bldc0_emfzero_gpio_init)
    i.bldc0_feedback_disable                 0x08006de0   Section        0  bldc_sys_bldc_feedback.o(i.bldc0_feedback_disable)
    i.bldc0_feedback_enable                  0x08006de2   Section        0  bldc_sys_bldc_feedback.o(i.bldc0_feedback_enable)
    i.bldc0_feedback_init                    0x08006de4   Section        0  bldc_sys_bldc_feedback.o(i.bldc0_feedback_init)
    i.bldc0_loop                             0x08006dec   Section        0  bldc_sys_ctrl.o(i.bldc0_loop)
    i.bldc0_loop_disable                     0x08006df4   Section        0  bldc_sys_ctrl.o(i.bldc0_loop_disable)
    i.bldc0_loop_enable                      0x08006e04   Section        0  bldc_sys_ctrl.o(i.bldc0_loop_enable)
    i.bldc0_loop_init                        0x08006e14   Section        0  bldc_sys_ctrl.o(i.bldc0_loop_init)
    i.bldc0_loop_tim_init                    0x08006e1c   Section        0  bldc_sys_ctrl.o(i.bldc0_loop_tim_init)
    bldc0_loop_tim_init                      0x08006e1d   Thumb Code    86  bldc_sys_ctrl.o(i.bldc0_loop_tim_init)
    i.bldc0_para_reset                       0x08006e80   Section        0  bldc_sys_ctrl.o(i.bldc0_para_reset)
    i.bldc0_pwm_disable                      0x08006f34   Section        0  pwm.o(i.bldc0_pwm_disable)
    i.bldc0_pwm_enable                       0x08006fa0   Section        0  pwm.o(i.bldc0_pwm_enable)
    i.bldc0_pwm_gpio_init                    0x08006fc8   Section        0  pwm.o(i.bldc0_pwm_gpio_init)
    bldc0_pwm_gpio_init                      0x08006fc9   Thumb Code   326  pwm.o(i.bldc0_pwm_gpio_init)
    i.bldc0_pwm_init                         0x08007124   Section        0  pwm.o(i.bldc0_pwm_init)
    i.bldc0_pwm_set                          0x08007130   Section        0  pwm.o(i.bldc0_pwm_set)
    i.bldc0_pwm_tim_init                     0x08007160   Section        0  pwm.o(i.bldc0_pwm_tim_init)
    bldc0_pwm_tim_init                       0x08007161   Thumb Code   170  pwm.o(i.bldc0_pwm_tim_init)
    i.bldc0_sd_disable                       0x08007218   Section        0  bldc_sys_bldc_drive.o(i.bldc0_sd_disable)
    i.bldc0_sd_enable                        0x0800722c   Section        0  bldc_sys_bldc_drive.o(i.bldc0_sd_enable)
    i.bldc0_sd_init                          0x08007240   Section        0  bldc_sys_bldc_drive.o(i.bldc0_sd_init)
    i.bldc0_sensorless_accelerate_commutation 0x0800728c   Section        0  commutation.o(i.bldc0_sensorless_accelerate_commutation)
    i.bldc0_sensorless_commutation           0x080072d4   Section        0  commutation.o(i.bldc0_sensorless_commutation)
    i.bldc0_speed_down                       0x08007320   Section        0  bldc_sys_ctrl.o(i.bldc0_speed_down)
    i.bldc0_speed_feedback                   0x080073e8   Section        0  bldc_sys_bldc_feedback.o(i.bldc0_speed_feedback)
    i.bldc0_speed_loop                       0x080074fc   Section        0  bldc_sys_ctrl.o(i.bldc0_speed_loop)
    bldc0_speed_loop                         0x080074fd   Thumb Code   194  bldc_sys_ctrl.o(i.bldc0_speed_loop)
    i.bldc0_speed_up                         0x080075d8   Section        0  bldc_sys_ctrl.o(i.bldc0_speed_up)
    i.bldc0_system_disable                   0x080076a0   Section        0  bldc_sys_ctrl.o(i.bldc0_system_disable)
    i.bldc0_system_enable                    0x080076b8   Section        0  bldc_sys_ctrl.o(i.bldc0_system_enable)
    i.bldc0_system_init                      0x08007714   Section        0  bldc_sys_ctrl.o(i.bldc0_system_init)
    i.bldc0_vvvf_top                         0x08007738   Section        0  vvvf.o(i.bldc0_vvvf_top)
    i.bldc_sensorless_top                    0x080077b4   Section        0  sensorless_ctrl.o(i.bldc_sensorless_top)
    i.delay_init                             0x08007828   Section        0  core_delay.o(i.delay_init)
    i.delay_ms                               0x0800784c   Section        0  core_delay.o(i.delay_ms)
    i.delay_us                               0x08007880   Section        0  core_delay.o(i.delay_us)
    i.emfzero_analysis                       0x080078c8   Section        0  emf_zerodetect.o(i.emfzero_analysis)
    emfzero_analysis                         0x080078c9   Thumb Code   216  emf_zerodetect.o(i.emfzero_analysis)
    i.emfzero_detect                         0x080079a4   Section        0  emf_zerodetect.o(i.emfzero_detect)
    emfzero_detect                           0x080079a5   Thumb Code   266  emf_zerodetect.o(i.emfzero_detect)
    i.fputc                                  0x08007ab8   Section        0  usart_bsp.o(i.fputc)
    i.main                                   0x08007ad4   Section        0  main.o(i.main)
    i.pid_inc_controller0_control            0x08007e68   Section        0  pid_ctrl.o(i.pid_inc_controller0_control)
    i.pid_inc_controller0_init               0x08007edc   Section        0  pid_ctrl.o(i.pid_inc_controller0_init)
    i.pid_inc_controller0_para_reset         0x08007f30   Section        0  pid_ctrl.o(i.pid_inc_controller0_para_reset)
    i.vvvf_commutation                       0x08007f64   Section        0  vvvf.o(i.vvvf_commutation)
    vvvf_commutation                         0x08007f65   Thumb Code   168  vvvf.o(i.vvvf_commutation)
    i.vvvf_start                             0x08008018   Section        0  vvvf.o(i.vvvf_start)
    vvvf_start                               0x08008019   Thumb Code    34  vvvf.o(i.vvvf_start)
    locale$$code                             0x08008040   Section       44  lc_numeric_c.o(locale$$code)
    x$fpl$fpinit                             0x0800806c   Section       10  fpinit.o(x$fpl$fpinit)
    $v0                                      0x0800806c   Number         0  fpinit.o(x$fpl$fpinit)
    x$fpl$printf1                            0x08008076   Section        4  printf1.o(x$fpl$printf1)
    $v0                                      0x08008076   Number         0  printf1.o(x$fpl$printf1)
    .constdata                               0x0800807a   Section       16  system_stm32h7xx.o(.constdata)
    x$fpl$usenofp                            0x0800807a   Section        0  usenofp.o(x$fpl$usenofp)
    .constdata                               0x0800808a   Section       17  __printf_flags_wp.o(.constdata)
    maptable                                 0x0800808a   Data          17  __printf_flags_wp.o(.constdata)
    .constdata                               0x0800809c   Section      148  bigflt0.o(.constdata)
    tenpwrs_x                                0x0800809c   Data          60  bigflt0.o(.constdata)
    tenpwrs_i                                0x080080d8   Data          64  bigflt0.o(.constdata)
    locale$$data                             0x08008150   Section       28  lc_numeric_c.o(locale$$data)
    __lcnum_c_name                           0x08008154   Data           2  lc_numeric_c.o(locale$$data)
    __lcnum_c_start                          0x0800815c   Data           0  lc_numeric_c.o(locale$$data)
    __lcnum_c_point                          0x08008168   Data           0  lc_numeric_c.o(locale$$data)
    __lcnum_c_thousands                      0x0800816a   Data           0  lc_numeric_c.o(locale$$data)
    __lcnum_c_grouping                       0x0800816b   Data           0  lc_numeric_c.o(locale$$data)
    __lcnum_c_end                            0x0800816c   Data           0  lc_numeric_c.o(locale$$data)
    .data                                    0x20000000   Section        8  system_stm32h7xx.o(.data)
    .data                                    0x20000008   Section        9  stm32h7xx_hal.o(.data)
    .data                                    0x20000014   Section        4  main.o(.data)
    .data                                    0x20000018   Section        4  core_delay.o(.data)
    g_fac_us                                 0x20000018   Data           4  core_delay.o(.data)
    .data                                    0x2000001c   Section        8  usart_bsp.o(.data)
    .data                                    0x20000024   Section       72  commutation.o(.data)
    .bss                                     0x2000006c   Section      596  main.o(.bss)
    .bss                                     0x200002c0   Section      340  usart_bsp.o(.bss)
    .bss                                     0x20000414   Section       96  libspace.o(.bss)
    HEAP                                     0x20000478   Section      512  startup_stm32h743xx.o(HEAP)
    Heap_Mem                                 0x20000478   Data         512  startup_stm32h743xx.o(HEAP)
    STACK                                    0x20000678   Section     1024  startup_stm32h743xx.o(STACK)
    Stack_Mem                                0x20000678   Data        1024  startup_stm32h743xx.o(STACK)
    __initial_sp                             0x20000a78   Data           0  startup_stm32h743xx.o(STACK)

    Global Symbols

    Symbol Name                              Value     Ov Type        Size  Object(Section)

    BuildAttributes$$THM_ISAv4$E$P$D$K$B$S$7EM$VFPv5_D16$PE$PLD8$A:L22UL41UL21$X:L11$S22US41US21$IEEE1$IW$USESV6$~STKCKD$USESV7$~SHL$OTIME$ROPI$IEEEJ$EBA8$UX$STANDARDLIB$REQ8$PRES8$EABIv2 0x00000000   Number         0  anon$$obj.o ABSOLUTE
    __ARM_use_no_argv                        0x00000000   Number         0  main.o ABSOLUTE
    _printf_flags                            0x00000000   Number         0  printf_stubs.o ABSOLUTE
    _printf_return_value                     0x00000000   Number         0  printf_stubs.o ABSOLUTE
    _printf_sizespec                         0x00000000   Number         0  printf_stubs.o ABSOLUTE
    _printf_widthprec                        0x00000000   Number         0  printf_stubs.o ABSOLUTE
    __ARM_exceptions_init                     - Undefined Weak Reference
    __alloca_initialize                       - Undefined Weak Reference
    __arm_preinit_                            - Undefined Weak Reference
    __cpp_initialize__aeabi_                  - Undefined Weak Reference
    __cxa_finalize                            - Undefined Weak Reference
    __sigvec_lookup                           - Undefined Weak Reference
    _atexit_init                              - Undefined Weak Reference
    _call_atexit_fns                          - Undefined Weak Reference
    _clock_init                               - Undefined Weak Reference
    _fp_trap_init                             - Undefined Weak Reference
    _fp_trap_shutdown                         - Undefined Weak Reference
    _get_lc_collate                           - Undefined Weak Reference
    _get_lc_ctype                             - Undefined Weak Reference
    _get_lc_monetary                          - Undefined Weak Reference
    _get_lc_time                              - Undefined Weak Reference
    _getenv_init                              - Undefined Weak Reference
    _handle_redirection                       - Undefined Weak Reference
    _init_alloc                               - Undefined Weak Reference
    _init_user_alloc                          - Undefined Weak Reference
    _initio                                   - Undefined Weak Reference
    _mutex_acquire                            - Undefined Weak Reference
    _mutex_release                            - Undefined Weak Reference
    _printf_post_padding                      - Undefined Weak Reference
    _printf_pre_padding                       - Undefined Weak Reference
    _rand_init                                - Undefined Weak Reference
    _signal_finish                            - Undefined Weak Reference
    _signal_init                              - Undefined Weak Reference
    _terminate_alloc                          - Undefined Weak Reference
    _terminate_user_alloc                     - Undefined Weak Reference
    _terminateio                              - Undefined Weak Reference
    __Vectors_Size                           0x00000298   Number         0  startup_stm32h743xx.o ABSOLUTE
    __Vectors                                0x08000000   Data           4  startup_stm32h743xx.o(RESET)
    __Vectors_End                            0x08000298   Data           0  startup_stm32h743xx.o(RESET)
    __main                                   0x08000299   Thumb Code     8  __main.o(!!!main)
    __scatterload                            0x080002a1   Thumb Code     0  __scatter.o(!!!scatter)
    __scatterload_rt2                        0x080002a1   Thumb Code    44  __scatter.o(!!!scatter)
    __scatterload_rt2_thumb_only             0x080002a1   Thumb Code     0  __scatter.o(!!!scatter)
    __scatterload_null                       0x080002af   Thumb Code     0  __scatter.o(!!!scatter)
    __scatterload_copy                       0x080002d5   Thumb Code    26  __scatter_copy.o(!!handler_copy)
    __scatterload_zeroinit                   0x080002f1   Thumb Code    28  __scatter_zi.o(!!handler_zi)
    _printf_f                                0x0800030d   Thumb Code     0  _printf_f.o(.ARM.Collect$$_printf_percent$$00000003)
    _printf_percent                          0x0800030d   Thumb Code     0  _printf_percent.o(.ARM.Collect$$_printf_percent$$00000000)
    _printf_percent_end                      0x08000313   Thumb Code     0  _printf_percent_end.o(.ARM.Collect$$_printf_percent$$00000017)
    __rt_lib_init                            0x08000317   Thumb Code     0  libinit.o(.ARM.Collect$$libinit$$00000000)
    __rt_lib_init_fp_1                       0x08000319   Thumb Code     0  libinit2.o(.ARM.Collect$$libinit$$00000001)
    __rt_lib_init_heap_1                     0x0800031d   Thumb Code     0  libinit2.o(.ARM.Collect$$libinit$$0000000A)
    __rt_lib_init_lc_common                  0x0800031d   Thumb Code     0  libinit2.o(.ARM.Collect$$libinit$$0000000F)
    __rt_lib_init_preinit_1                  0x0800031d   Thumb Code     0  libinit2.o(.ARM.Collect$$libinit$$00000004)
    __rt_lib_init_rand_1                     0x0800031d   Thumb Code     0  libinit2.o(.ARM.Collect$$libinit$$0000000E)
    __rt_lib_init_user_alloc_1               0x0800031d   Thumb Code     0  libinit2.o(.ARM.Collect$$libinit$$0000000C)
    __rt_lib_init_lc_collate_1               0x08000323   Thumb Code     0  libinit2.o(.ARM.Collect$$libinit$$00000011)
    __rt_lib_init_lc_ctype_1                 0x08000323   Thumb Code     0  libinit2.o(.ARM.Collect$$libinit$$00000013)
    __rt_lib_init_lc_monetary_1              0x08000323   Thumb Code     0  libinit2.o(.ARM.Collect$$libinit$$00000015)
    __rt_lib_init_lc_numeric_2               0x08000323   Thumb Code     0  libinit2.o(.ARM.Collect$$libinit$$00000016)
    __rt_lib_init_alloca_1                   0x0800032d   Thumb Code     0  libinit2.o(.ARM.Collect$$libinit$$0000002E)
    __rt_lib_init_argv_1                     0x0800032d   Thumb Code     0  libinit2.o(.ARM.Collect$$libinit$$0000002C)
    __rt_lib_init_atexit_1                   0x0800032d   Thumb Code     0  libinit2.o(.ARM.Collect$$libinit$$0000001B)
    __rt_lib_init_clock_1                    0x0800032d   Thumb Code     0  libinit2.o(.ARM.Collect$$libinit$$00000021)
    __rt_lib_init_cpp_1                      0x0800032d   Thumb Code     0  libinit2.o(.ARM.Collect$$libinit$$00000032)
    __rt_lib_init_exceptions_1               0x0800032d   Thumb Code     0  libinit2.o(.ARM.Collect$$libinit$$00000030)
    __rt_lib_init_fp_trap_1                  0x0800032d   Thumb Code     0  libinit2.o(.ARM.Collect$$libinit$$0000001F)
    __rt_lib_init_getenv_1                   0x0800032d   Thumb Code     0  libinit2.o(.ARM.Collect$$libinit$$00000023)
    __rt_lib_init_lc_numeric_1               0x0800032d   Thumb Code     0  libinit2.o(.ARM.Collect$$libinit$$00000017)
    __rt_lib_init_lc_time_1                  0x0800032d   Thumb Code     0  libinit2.o(.ARM.Collect$$libinit$$00000019)
    __rt_lib_init_return                     0x0800032d   Thumb Code     0  libinit2.o(.ARM.Collect$$libinit$$00000033)
    __rt_lib_init_signal_1                   0x0800032d   Thumb Code     0  libinit2.o(.ARM.Collect$$libinit$$0000001D)
    __rt_lib_init_stdio_1                    0x0800032d   Thumb Code     0  libinit2.o(.ARM.Collect$$libinit$$00000025)
    __rt_lib_shutdown                        0x0800032f   Thumb Code     0  libshutdown.o(.ARM.Collect$$libshutdown$$00000000)
    __rt_lib_shutdown_cpp_1                  0x08000331   Thumb Code     0  libshutdown2.o(.ARM.Collect$$libshutdown$$00000002)
    __rt_lib_shutdown_fp_trap_1              0x08000331   Thumb Code     0  libshutdown2.o(.ARM.Collect$$libshutdown$$00000007)
    __rt_lib_shutdown_heap_1                 0x08000331   Thumb Code     0  libshutdown2.o(.ARM.Collect$$libshutdown$$0000000F)
    __rt_lib_shutdown_return                 0x08000331   Thumb Code     0  libshutdown2.o(.ARM.Collect$$libshutdown$$00000010)
    __rt_lib_shutdown_signal_1               0x08000331   Thumb Code     0  libshutdown2.o(.ARM.Collect$$libshutdown$$0000000A)
    __rt_lib_shutdown_stdio_1                0x08000331   Thumb Code     0  libshutdown2.o(.ARM.Collect$$libshutdown$$00000004)
    __rt_lib_shutdown_user_alloc_1           0x08000331   Thumb Code     0  libshutdown2.o(.ARM.Collect$$libshutdown$$0000000C)
    __rt_entry                               0x08000333   Thumb Code     0  __rtentry.o(.ARM.Collect$$rtentry$$00000000)
    __rt_entry_presh_1                       0x08000333   Thumb Code     0  __rtentry2.o(.ARM.Collect$$rtentry$$00000002)
    __rt_entry_sh                            0x08000333   Thumb Code     0  __rtentry4.o(.ARM.Collect$$rtentry$$00000004)
    __rt_entry_li                            0x08000339   Thumb Code     0  __rtentry2.o(.ARM.Collect$$rtentry$$0000000A)
    __rt_entry_postsh_1                      0x08000339   Thumb Code     0  __rtentry2.o(.ARM.Collect$$rtentry$$00000009)
    __rt_entry_main                          0x0800033d   Thumb Code     0  __rtentry2.o(.ARM.Collect$$rtentry$$0000000D)
    __rt_entry_postli_1                      0x0800033d   Thumb Code     0  __rtentry2.o(.ARM.Collect$$rtentry$$0000000C)
    __rt_exit                                0x08000345   Thumb Code     0  rtexit.o(.ARM.Collect$$rtexit$$00000000)
    __rt_exit_ls                             0x08000347   Thumb Code     0  rtexit2.o(.ARM.Collect$$rtexit$$00000003)
    __rt_exit_prels_1                        0x08000347   Thumb Code     0  rtexit2.o(.ARM.Collect$$rtexit$$00000002)
    __rt_exit_exit                           0x0800034b   Thumb Code     0  rtexit2.o(.ARM.Collect$$rtexit$$00000004)
    Reset_Handler                            0x08000351   Thumb Code     8  startup_stm32h743xx.o(.text)
    ADC3_IRQHandler                          0x0800036b   Thumb Code     0  startup_stm32h743xx.o(.text)
    ADC_IRQHandler                           0x0800036b   Thumb Code     0  startup_stm32h743xx.o(.text)
    BDMA_Channel0_IRQHandler                 0x0800036b   Thumb Code     0  startup_stm32h743xx.o(.text)
    BDMA_Channel1_IRQHandler                 0x0800036b   Thumb Code     0  startup_stm32h743xx.o(.text)
    BDMA_Channel2_IRQHandler                 0x0800036b   Thumb Code     0  startup_stm32h743xx.o(.text)
    BDMA_Channel3_IRQHandler                 0x0800036b   Thumb Code     0  startup_stm32h743xx.o(.text)
    BDMA_Channel4_IRQHandler                 0x0800036b   Thumb Code     0  startup_stm32h743xx.o(.text)
    BDMA_Channel5_IRQHandler                 0x0800036b   Thumb Code     0  startup_stm32h743xx.o(.text)
    BDMA_Channel6_IRQHandler                 0x0800036b   Thumb Code     0  startup_stm32h743xx.o(.text)
    BDMA_Channel7_IRQHandler                 0x0800036b   Thumb Code     0  startup_stm32h743xx.o(.text)
    CEC_IRQHandler                           0x0800036b   Thumb Code     0  startup_stm32h743xx.o(.text)
    COMP1_IRQHandler                         0x0800036b   Thumb Code     0  startup_stm32h743xx.o(.text)
    CRS_IRQHandler                           0x0800036b   Thumb Code     0  startup_stm32h743xx.o(.text)
    DCMI_IRQHandler                          0x0800036b   Thumb Code     0  startup_stm32h743xx.o(.text)
    DFSDM1_FLT0_IRQHandler                   0x0800036b   Thumb Code     0  startup_stm32h743xx.o(.text)
    DFSDM1_FLT1_IRQHandler                   0x0800036b   Thumb Code     0  startup_stm32h743xx.o(.text)
    DFSDM1_FLT2_IRQHandler                   0x0800036b   Thumb Code     0  startup_stm32h743xx.o(.text)
    DFSDM1_FLT3_IRQHandler                   0x0800036b   Thumb Code     0  startup_stm32h743xx.o(.text)
    DMA1_Stream0_IRQHandler                  0x0800036b   Thumb Code     0  startup_stm32h743xx.o(.text)
    DMA1_Stream1_IRQHandler                  0x0800036b   Thumb Code     0  startup_stm32h743xx.o(.text)
    DMA1_Stream2_IRQHandler                  0x0800036b   Thumb Code     0  startup_stm32h743xx.o(.text)
    DMA1_Stream3_IRQHandler                  0x0800036b   Thumb Code     0  startup_stm32h743xx.o(.text)
    DMA1_Stream4_IRQHandler                  0x0800036b   Thumb Code     0  startup_stm32h743xx.o(.text)
    DMA1_Stream5_IRQHandler                  0x0800036b   Thumb Code     0  startup_stm32h743xx.o(.text)
    DMA1_Stream6_IRQHandler                  0x0800036b   Thumb Code     0  startup_stm32h743xx.o(.text)
    DMA1_Stream7_IRQHandler                  0x0800036b   Thumb Code     0  startup_stm32h743xx.o(.text)
    DMA2D_IRQHandler                         0x0800036b   Thumb Code     0  startup_stm32h743xx.o(.text)
    DMA2_Stream0_IRQHandler                  0x0800036b   Thumb Code     0  startup_stm32h743xx.o(.text)
    DMA2_Stream1_IRQHandler                  0x0800036b   Thumb Code     0  startup_stm32h743xx.o(.text)
    DMA2_Stream2_IRQHandler                  0x0800036b   Thumb Code     0  startup_stm32h743xx.o(.text)
    DMA2_Stream3_IRQHandler                  0x0800036b   Thumb Code     0  startup_stm32h743xx.o(.text)
    DMA2_Stream4_IRQHandler                  0x0800036b   Thumb Code     0  startup_stm32h743xx.o(.text)
    DMA2_Stream5_IRQHandler                  0x0800036b   Thumb Code     0  startup_stm32h743xx.o(.text)
    DMA2_Stream6_IRQHandler                  0x0800036b   Thumb Code     0  startup_stm32h743xx.o(.text)
    DMA2_Stream7_IRQHandler                  0x0800036b   Thumb Code     0  startup_stm32h743xx.o(.text)
    DMAMUX1_OVR_IRQHandler                   0x0800036b   Thumb Code     0  startup_stm32h743xx.o(.text)
    DMAMUX2_OVR_IRQHandler                   0x0800036b   Thumb Code     0  startup_stm32h743xx.o(.text)
    ECC_IRQHandler                           0x0800036b   Thumb Code     0  startup_stm32h743xx.o(.text)
    ETH_IRQHandler                           0x0800036b   Thumb Code     0  startup_stm32h743xx.o(.text)
    ETH_WKUP_IRQHandler                      0x0800036b   Thumb Code     0  startup_stm32h743xx.o(.text)
    EXTI1_IRQHandler                         0x0800036b   Thumb Code     0  startup_stm32h743xx.o(.text)
    EXTI4_IRQHandler                         0x0800036b   Thumb Code     0  startup_stm32h743xx.o(.text)
    EXTI9_5_IRQHandler                       0x0800036b   Thumb Code     0  startup_stm32h743xx.o(.text)
    FDCAN1_IT0_IRQHandler                    0x0800036b   Thumb Code     0  startup_stm32h743xx.o(.text)
    FDCAN1_IT1_IRQHandler                    0x0800036b   Thumb Code     0  startup_stm32h743xx.o(.text)
    FDCAN2_IT0_IRQHandler                    0x0800036b   Thumb Code     0  startup_stm32h743xx.o(.text)
    FDCAN2_IT1_IRQHandler                    0x0800036b   Thumb Code     0  startup_stm32h743xx.o(.text)
    FDCAN_CAL_IRQHandler                     0x0800036b   Thumb Code     0  startup_stm32h743xx.o(.text)
    FLASH_IRQHandler                         0x0800036b   Thumb Code     0  startup_stm32h743xx.o(.text)
    FMC_IRQHandler                           0x0800036b   Thumb Code     0  startup_stm32h743xx.o(.text)
    FPU_IRQHandler                           0x0800036b   Thumb Code     0  startup_stm32h743xx.o(.text)
    HRTIM1_FLT_IRQHandler                    0x0800036b   Thumb Code     0  startup_stm32h743xx.o(.text)
    HRTIM1_Master_IRQHandler                 0x0800036b   Thumb Code     0  startup_stm32h743xx.o(.text)
    HRTIM1_TIMA_IRQHandler                   0x0800036b   Thumb Code     0  startup_stm32h743xx.o(.text)
    HRTIM1_TIMB_IRQHandler                   0x0800036b   Thumb Code     0  startup_stm32h743xx.o(.text)
    HRTIM1_TIMC_IRQHandler                   0x0800036b   Thumb Code     0  startup_stm32h743xx.o(.text)
    HRTIM1_TIMD_IRQHandler                   0x0800036b   Thumb Code     0  startup_stm32h743xx.o(.text)
    HRTIM1_TIME_IRQHandler                   0x0800036b   Thumb Code     0  startup_stm32h743xx.o(.text)
    HSEM1_IRQHandler                         0x0800036b   Thumb Code     0  startup_stm32h743xx.o(.text)
    I2C1_ER_IRQHandler                       0x0800036b   Thumb Code     0  startup_stm32h743xx.o(.text)
    I2C1_EV_IRQHandler                       0x0800036b   Thumb Code     0  startup_stm32h743xx.o(.text)
    I2C2_ER_IRQHandler                       0x0800036b   Thumb Code     0  startup_stm32h743xx.o(.text)
    I2C2_EV_IRQHandler                       0x0800036b   Thumb Code     0  startup_stm32h743xx.o(.text)
    I2C3_ER_IRQHandler                       0x0800036b   Thumb Code     0  startup_stm32h743xx.o(.text)
    I2C3_EV_IRQHandler                       0x0800036b   Thumb Code     0  startup_stm32h743xx.o(.text)
    I2C4_ER_IRQHandler                       0x0800036b   Thumb Code     0  startup_stm32h743xx.o(.text)
    I2C4_EV_IRQHandler                       0x0800036b   Thumb Code     0  startup_stm32h743xx.o(.text)
    JPEG_IRQHandler                          0x0800036b   Thumb Code     0  startup_stm32h743xx.o(.text)
    LPTIM1_IRQHandler                        0x0800036b   Thumb Code     0  startup_stm32h743xx.o(.text)
    LPTIM2_IRQHandler                        0x0800036b   Thumb Code     0  startup_stm32h743xx.o(.text)
    LPTIM3_IRQHandler                        0x0800036b   Thumb Code     0  startup_stm32h743xx.o(.text)
    LPTIM4_IRQHandler                        0x0800036b   Thumb Code     0  startup_stm32h743xx.o(.text)
    LPTIM5_IRQHandler                        0x0800036b   Thumb Code     0  startup_stm32h743xx.o(.text)
    LPUART1_IRQHandler                       0x0800036b   Thumb Code     0  startup_stm32h743xx.o(.text)
    LTDC_ER_IRQHandler                       0x0800036b   Thumb Code     0  startup_stm32h743xx.o(.text)
    LTDC_IRQHandler                          0x0800036b   Thumb Code     0  startup_stm32h743xx.o(.text)
    MDIOS_IRQHandler                         0x0800036b   Thumb Code     0  startup_stm32h743xx.o(.text)
    MDIOS_WKUP_IRQHandler                    0x0800036b   Thumb Code     0  startup_stm32h743xx.o(.text)
    MDMA_IRQHandler                          0x0800036b   Thumb Code     0  startup_stm32h743xx.o(.text)
    OTG_FS_EP1_IN_IRQHandler                 0x0800036b   Thumb Code     0  startup_stm32h743xx.o(.text)
    OTG_FS_EP1_OUT_IRQHandler                0x0800036b   Thumb Code     0  startup_stm32h743xx.o(.text)
    OTG_FS_IRQHandler                        0x0800036b   Thumb Code     0  startup_stm32h743xx.o(.text)
    OTG_FS_WKUP_IRQHandler                   0x0800036b   Thumb Code     0  startup_stm32h743xx.o(.text)
    OTG_HS_EP1_IN_IRQHandler                 0x0800036b   Thumb Code     0  startup_stm32h743xx.o(.text)
    OTG_HS_EP1_OUT_IRQHandler                0x0800036b   Thumb Code     0  startup_stm32h743xx.o(.text)
    OTG_HS_IRQHandler                        0x0800036b   Thumb Code     0  startup_stm32h743xx.o(.text)
    OTG_HS_WKUP_IRQHandler                   0x0800036b   Thumb Code     0  startup_stm32h743xx.o(.text)
    PVD_AVD_IRQHandler                       0x0800036b   Thumb Code     0  startup_stm32h743xx.o(.text)
    QUADSPI_IRQHandler                       0x0800036b   Thumb Code     0  startup_stm32h743xx.o(.text)
    RCC_IRQHandler                           0x0800036b   Thumb Code     0  startup_stm32h743xx.o(.text)
    RNG_IRQHandler                           0x0800036b   Thumb Code     0  startup_stm32h743xx.o(.text)
    RTC_Alarm_IRQHandler                     0x0800036b   Thumb Code     0  startup_stm32h743xx.o(.text)
    RTC_WKUP_IRQHandler                      0x0800036b   Thumb Code     0  startup_stm32h743xx.o(.text)
    SAI1_IRQHandler                          0x0800036b   Thumb Code     0  startup_stm32h743xx.o(.text)
    SAI2_IRQHandler                          0x0800036b   Thumb Code     0  startup_stm32h743xx.o(.text)
    SAI3_IRQHandler                          0x0800036b   Thumb Code     0  startup_stm32h743xx.o(.text)
    SAI4_IRQHandler                          0x0800036b   Thumb Code     0  startup_stm32h743xx.o(.text)
    SDMMC1_IRQHandler                        0x0800036b   Thumb Code     0  startup_stm32h743xx.o(.text)
    SDMMC2_IRQHandler                        0x0800036b   Thumb Code     0  startup_stm32h743xx.o(.text)
    SPDIF_RX_IRQHandler                      0x0800036b   Thumb Code     0  startup_stm32h743xx.o(.text)
    SPI1_IRQHandler                          0x0800036b   Thumb Code     0  startup_stm32h743xx.o(.text)
    SPI2_IRQHandler                          0x0800036b   Thumb Code     0  startup_stm32h743xx.o(.text)
    SPI3_IRQHandler                          0x0800036b   Thumb Code     0  startup_stm32h743xx.o(.text)
    SPI4_IRQHandler                          0x0800036b   Thumb Code     0  startup_stm32h743xx.o(.text)
    SPI5_IRQHandler                          0x0800036b   Thumb Code     0  startup_stm32h743xx.o(.text)
    SPI6_IRQHandler                          0x0800036b   Thumb Code     0  startup_stm32h743xx.o(.text)
    SWPMI1_IRQHandler                        0x0800036b   Thumb Code     0  startup_stm32h743xx.o(.text)
    TAMP_STAMP_IRQHandler                    0x0800036b   Thumb Code     0  startup_stm32h743xx.o(.text)
    TIM15_IRQHandler                         0x0800036b   Thumb Code     0  startup_stm32h743xx.o(.text)
    TIM16_IRQHandler                         0x0800036b   Thumb Code     0  startup_stm32h743xx.o(.text)
    TIM17_IRQHandler                         0x0800036b   Thumb Code     0  startup_stm32h743xx.o(.text)
    TIM1_BRK_IRQHandler                      0x0800036b   Thumb Code     0  startup_stm32h743xx.o(.text)
    TIM1_CC_IRQHandler                       0x0800036b   Thumb Code     0  startup_stm32h743xx.o(.text)
    TIM1_TRG_COM_IRQHandler                  0x0800036b   Thumb Code     0  startup_stm32h743xx.o(.text)
    TIM1_UP_IRQHandler                       0x0800036b   Thumb Code     0  startup_stm32h743xx.o(.text)
    TIM2_IRQHandler                          0x0800036b   Thumb Code     0  startup_stm32h743xx.o(.text)
    TIM3_IRQHandler                          0x0800036b   Thumb Code     0  startup_stm32h743xx.o(.text)
    TIM4_IRQHandler                          0x0800036b   Thumb Code     0  startup_stm32h743xx.o(.text)
    TIM5_IRQHandler                          0x0800036b   Thumb Code     0  startup_stm32h743xx.o(.text)
    TIM7_IRQHandler                          0x0800036b   Thumb Code     0  startup_stm32h743xx.o(.text)
    TIM8_BRK_TIM12_IRQHandler                0x0800036b   Thumb Code     0  startup_stm32h743xx.o(.text)
    TIM8_CC_IRQHandler                       0x0800036b   Thumb Code     0  startup_stm32h743xx.o(.text)
    TIM8_TRG_COM_TIM14_IRQHandler            0x0800036b   Thumb Code     0  startup_stm32h743xx.o(.text)
    UART4_IRQHandler                         0x0800036b   Thumb Code     0  startup_stm32h743xx.o(.text)
    UART5_IRQHandler                         0x0800036b   Thumb Code     0  startup_stm32h743xx.o(.text)
    UART7_IRQHandler                         0x0800036b   Thumb Code     0  startup_stm32h743xx.o(.text)
    UART8_IRQHandler                         0x0800036b   Thumb Code     0  startup_stm32h743xx.o(.text)
    USART2_IRQHandler                        0x0800036b   Thumb Code     0  startup_stm32h743xx.o(.text)
    USART3_IRQHandler                        0x0800036b   Thumb Code     0  startup_stm32h743xx.o(.text)
    USART6_IRQHandler                        0x0800036b   Thumb Code     0  startup_stm32h743xx.o(.text)
    WAKEUP_PIN_IRQHandler                    0x0800036b   Thumb Code     0  startup_stm32h743xx.o(.text)
    WWDG_IRQHandler                          0x0800036b   Thumb Code     0  startup_stm32h743xx.o(.text)
    __user_initial_stackheap                 0x0800036d   Thumb Code     0  startup_stm32h743xx.o(.text)
    __aeabi_uldivmod                         0x08000391   Thumb Code     0  lludivv7m.o(.text)
    _ll_udiv                                 0x08000391   Thumb Code   238  lludivv7m.o(.text)
    __2printf                                0x08000481   Thumb Code    20  noretval__2printf.o(.text)
    __printf                                 0x08000499   Thumb Code   308  __printf_flags_wp.o(.text)
    __aeabi_memclr4                          0x080005d1   Thumb Code     0  rt_memclr_w.o(.text)
    __aeabi_memclr8                          0x080005d1   Thumb Code     0  rt_memclr_w.o(.text)
    __rt_memclr_w                            0x080005d1   Thumb Code    78  rt_memclr_w.o(.text)
    _memset_w                                0x080005d5   Thumb Code     0  rt_memclr_w.o(.text)
    __use_two_region_memory                  0x0800061f   Thumb Code     2  heapauxi.o(.text)
    __rt_heap_escrow$2region                 0x08000621   Thumb Code     2  heapauxi.o(.text)
    __rt_heap_expand$2region                 0x08000623   Thumb Code     2  heapauxi.o(.text)
    __lib_sel_fp_printf                      0x08000625   Thumb Code     2  _printf_fp_dec.o(.text)
    _printf_fp_dec_real                      0x080007d3   Thumb Code   620  _printf_fp_dec.o(.text)
    _printf_char_file                        0x08000a41   Thumb Code    32  _printf_char_file.o(.text)
    __rt_locale                              0x08000a65   Thumb Code     8  rt_locale_intlibspace.o(.text)
    _ll_udiv10                               0x08000a6d   Thumb Code   138  lludiv10.o(.text)
    _printf_char_common                      0x08000b03   Thumb Code    32  _printf_char_common.o(.text)
    _printf_fp_infnan                        0x08000b29   Thumb Code   112  _printf_fp_infnan.o(.text)
    _btod_etento                             0x08000ba9   Thumb Code   216  bigflt0.o(.text)
    ferror                                   0x08000c85   Thumb Code     8  ferror.o(.text)
    __user_libspace                          0x08000c8d   Thumb Code     8  libspace.o(.text)
    __user_perproc_libspace                  0x08000c8d   Thumb Code     0  libspace.o(.text)
    __user_perthread_libspace                0x08000c8d   Thumb Code     0  libspace.o(.text)
    __user_setup_stackheap                   0x08000c95   Thumb Code    74  sys_stackheap_outer.o(.text)
    exit                                     0x08000cdf   Thumb Code    18  exit.o(.text)
    strcmp                                   0x08000cf1   Thumb Code   104  strcmpv7m_pel.o(.text)
    _btod_d2e                                0x08000d59   Thumb Code    62  btod.o(CL$$btod_d2e)
    _d2e_denorm_low                          0x08000d97   Thumb Code    70  btod.o(CL$$btod_d2e_denorm_low)
    _d2e_norm_op1                            0x08000ddd   Thumb Code    96  btod.o(CL$$btod_d2e_norm_op1)
    __btod_div_common                        0x08000e3d   Thumb Code   696  btod.o(CL$$btod_div_common)
    _e2e                                     0x08001175   Thumb Code   198  btod.o(CL$$btod_e2e)
    _btod_ediv                               0x0800123b   Thumb Code    40  btod.o(CL$$btod_ediv)
    _btod_emul                               0x08001263   Thumb Code    40  btod.o(CL$$btod_emul)
    __btod_mult_common                       0x0800128b   Thumb Code   580  btod.o(CL$$btod_mult_common)
    BusFault_Handler                         0x080014cf   Thumb Code     4  stm32h7xx_it.o(i.BusFault_Handler)
    DebugMon_Handler                         0x080014d3   Thumb Code     2  stm32h7xx_it.o(i.DebugMon_Handler)
    EXTI0_IRQHandler                         0x080014d5   Thumb Code    10  key_bsp.o(i.EXTI0_IRQHandler)
    EXTI15_10_IRQHandler                     0x080014df   Thumb Code    12  key_bsp.o(i.EXTI15_10_IRQHandler)
    EXTI2_IRQHandler                         0x080014eb   Thumb Code    10  key_bsp.o(i.EXTI2_IRQHandler)
    EXTI3_IRQHandler                         0x080014f5   Thumb Code    10  key_bsp.o(i.EXTI3_IRQHandler)
    HAL_DMA_Abort_IT                         0x08001501   Thumb Code   664  stm32h7xx_hal_dma.o(i.HAL_DMA_Abort_IT)
    HAL_GPIO_EXTI_Callback                   0x080017a1   Thumb Code   110  key_bsp.o(i.HAL_GPIO_EXTI_Callback)
    HAL_GPIO_EXTI_IRQHandler                 0x08001821   Thumb Code    24  stm32h7xx_hal_gpio.o(i.HAL_GPIO_EXTI_IRQHandler)
    HAL_GPIO_Init                            0x0800183d   Thumb Code   468  stm32h7xx_hal_gpio.o(i.HAL_GPIO_Init)
    HAL_GPIO_ReadPin                         0x08001a45   Thumb Code    16  stm32h7xx_hal_gpio.o(i.HAL_GPIO_ReadPin)
    HAL_GPIO_WritePin                        0x08001a55   Thumb Code    12  stm32h7xx_hal_gpio.o(i.HAL_GPIO_WritePin)
    HAL_GetREVID                             0x08001a61   Thumb Code     8  stm32h7xx_hal.o(i.HAL_GetREVID)
    HAL_GetTick                              0x08001a6d   Thumb Code     6  stm32h7xx_hal.o(i.HAL_GetTick)
    HAL_Init                                 0x08001a79   Thumb Code    80  stm32h7xx_hal.o(i.HAL_Init)
    HAL_InitTick                             0x08001ad9   Thumb Code    74  stm32h7xx_hal.o(i.HAL_InitTick)
    HAL_MspInit                              0x08001b31   Thumb Code     2  stm32h7xx_hal.o(i.HAL_MspInit)
    HAL_NVIC_EnableIRQ                       0x08001b33   Thumb Code    32  stm32h7xx_hal_cortex.o(i.HAL_NVIC_EnableIRQ)
    HAL_NVIC_SetPriority                     0x08001b53   Thumb Code   122  stm32h7xx_hal_cortex.o(i.HAL_NVIC_SetPriority)
    HAL_NVIC_SetPriorityGrouping             0x08001bcd   Thumb Code    32  stm32h7xx_hal_cortex.o(i.HAL_NVIC_SetPriorityGrouping)
    HAL_PWREx_ConfigSupply                   0x08001bf5   Thumb Code    90  stm32h7xx_hal_pwr_ex_1.o(i.HAL_PWREx_ConfigSupply)
    HAL_RCCEx_GetD1SysClockFreq              0x08001c55   Thumb Code    34  stm32h7xx_hal_rcc_ex_1.o(i.HAL_RCCEx_GetD1SysClockFreq)
    HAL_RCCEx_GetD3PCLK1Freq                 0x08001c85   Thumb Code    26  stm32h7xx_hal_rcc_ex_1.o(i.HAL_RCCEx_GetD3PCLK1Freq)
    HAL_RCCEx_GetPLL2ClockFreq               0x08001ca9   Thumb Code   536  stm32h7xx_hal_rcc_ex_1.o(i.HAL_RCCEx_GetPLL2ClockFreq)
    HAL_RCCEx_GetPLL3ClockFreq               0x08001ed9   Thumb Code   536  stm32h7xx_hal_rcc_ex_1.o(i.HAL_RCCEx_GetPLL3ClockFreq)
    HAL_RCCEx_PeriphCLKConfig                0x08002109   Thumb Code  2880  stm32h7xx_hal_rcc_ex_1.o(i.HAL_RCCEx_PeriphCLKConfig)
    HAL_RCC_ClockConfig                      0x08002c4d   Thumb Code   748  stm32h7xx_hal_rcc_1.o(i.HAL_RCC_ClockConfig)
    HAL_RCC_GetHCLKFreq                      0x08002f4d   Thumb Code    34  stm32h7xx_hal_rcc_1.o(i.HAL_RCC_GetHCLKFreq)
    HAL_RCC_GetPCLK1Freq                     0x08002f7d   Thumb Code    26  stm32h7xx_hal_rcc_1.o(i.HAL_RCC_GetPCLK1Freq)
    HAL_RCC_GetPCLK2Freq                     0x08002fa1   Thumb Code    26  stm32h7xx_hal_rcc_1.o(i.HAL_RCC_GetPCLK2Freq)
    HAL_RCC_GetSysClockFreq                  0x08002fc5   Thumb Code   524  stm32h7xx_hal_rcc_1.o(i.HAL_RCC_GetSysClockFreq)
    HAL_RCC_OscConfig                        0x080031f1   Thumb Code  1854  stm32h7xx_hal_rcc_1.o(i.HAL_RCC_OscConfig)
    HAL_SYSTICK_CLKSourceConfig              0x08003939   Thumb Code    40  stm32h7xx_hal_cortex.o(i.HAL_SYSTICK_CLKSourceConfig)
    HAL_SYSTICK_Callback                     0x08003961   Thumb Code     2  stm32h7xx_hal_cortex.o(i.HAL_SYSTICK_Callback)
    HAL_SYSTICK_Config                       0x08003963   Thumb Code    52  stm32h7xx_hal_cortex.o(i.HAL_SYSTICK_Config)
    HAL_SYSTICK_IRQHandler                   0x08003997   Thumb Code     8  stm32h7xx_hal_cortex.o(i.HAL_SYSTICK_IRQHandler)
    HAL_TIMEx_Break2Callback                 0x0800399f   Thumb Code     2  stm32h7xx_hal_tim_ex.o(i.HAL_TIMEx_Break2Callback)
    HAL_TIMEx_BreakCallback                  0x080039a1   Thumb Code     2  stm32h7xx_hal_tim_ex.o(i.HAL_TIMEx_BreakCallback)
    HAL_TIMEx_CommutCallback                 0x080039a3   Thumb Code     2  stm32h7xx_hal_tim_ex.o(i.HAL_TIMEx_CommutCallback)
    HAL_TIMEx_ConfigCommutEvent              0x080039a5   Thumb Code   134  stm32h7xx_hal_tim_ex.o(i.HAL_TIMEx_ConfigCommutEvent)
    HAL_TIM_Base_Init                        0x08003a31   Thumb Code    52  stm32h7xx_hal_tim.o(i.HAL_TIM_Base_Init)
    HAL_TIM_Base_MspInit                     0x08003a65   Thumb Code     2  stm32h7xx_hal_tim.o(i.HAL_TIM_Base_MspInit)
    HAL_TIM_Base_Start_IT                    0x08003a69   Thumb Code    50  stm32h7xx_hal_tim.o(i.HAL_TIM_Base_Start_IT)
    HAL_TIM_Base_Stop_IT                     0x08003aa1   Thumb Code    56  stm32h7xx_hal_tim.o(i.HAL_TIM_Base_Stop_IT)
    HAL_TIM_GenerateEvent                    0x08003ad9   Thumb Code    54  stm32h7xx_hal_tim.o(i.HAL_TIM_GenerateEvent)
    HAL_TIM_IC_CaptureCallback               0x08003b0f   Thumb Code     2  stm32h7xx_hal_tim.o(i.HAL_TIM_IC_CaptureCallback)
    HAL_TIM_IRQHandler                       0x08003b11   Thumb Code   440  stm32h7xx_hal_tim.o(i.HAL_TIM_IRQHandler)
    HAL_TIM_OC_DelayElapsedCallback          0x08003cc9   Thumb Code     2  stm32h7xx_hal_tim.o(i.HAL_TIM_OC_DelayElapsedCallback)
    HAL_TIM_PWM_ConfigChannel                0x08003ccb   Thumb Code   372  stm32h7xx_hal_tim.o(i.HAL_TIM_PWM_ConfigChannel)
    HAL_TIM_PWM_Init                         0x08003e3f   Thumb Code    52  stm32h7xx_hal_tim.o(i.HAL_TIM_PWM_Init)
    HAL_TIM_PWM_MspInit                      0x08003e73   Thumb Code     2  stm32h7xx_hal_tim.o(i.HAL_TIM_PWM_MspInit)
    HAL_TIM_PWM_PulseFinishedCallback        0x08003e75   Thumb Code     2  stm32h7xx_hal_tim.o(i.HAL_TIM_PWM_PulseFinishedCallback)
    HAL_TIM_PWM_Start                        0x08003e79   Thumb Code   112  stm32h7xx_hal_tim.o(i.HAL_TIM_PWM_Start)
    HAL_TIM_PWM_Stop                         0x08003f01   Thumb Code   150  stm32h7xx_hal_tim.o(i.HAL_TIM_PWM_Stop)
    HAL_TIM_PeriodElapsedCallback            0x08003fad   Thumb Code    30  bldc_sys_tim_callback.o(i.HAL_TIM_PeriodElapsedCallback)
    HAL_TIM_TriggerCallback                  0x08003fd1   Thumb Code     2  stm32h7xx_hal_tim.o(i.HAL_TIM_TriggerCallback)
    HAL_UARTEx_RxFifoFullCallback            0x08003fd3   Thumb Code     2  stm32h7xx_hal_uart_ex.o(i.HAL_UARTEx_RxFifoFullCallback)
    HAL_UARTEx_TxFifoEmptyCallback           0x08003fd5   Thumb Code     2  stm32h7xx_hal_uart_ex.o(i.HAL_UARTEx_TxFifoEmptyCallback)
    HAL_UARTEx_WakeupCallback                0x08003fd7   Thumb Code     2  stm32h7xx_hal_uart_ex.o(i.HAL_UARTEx_WakeupCallback)
    HAL_UART_ErrorCallback                   0x08003fd9   Thumb Code     2  stm32h7xx_hal_uart.o(i.HAL_UART_ErrorCallback)
    HAL_UART_IRQHandler                      0x08003fdd   Thumb Code   512  stm32h7xx_hal_uart.o(i.HAL_UART_IRQHandler)
    HAL_UART_Init                            0x080041e9   Thumb Code   120  stm32h7xx_hal_uart.o(i.HAL_UART_Init)
    HAL_UART_MspInit                         0x08004261   Thumb Code   138  usart_bsp.o(i.HAL_UART_MspInit)
    HAL_UART_Transmit                        0x080042f9   Thumb Code   212  stm32h7xx_hal_uart.o(i.HAL_UART_Transmit)
    HAL_UART_TxCpltCallback                  0x080043cd   Thumb Code     2  stm32h7xx_hal_uart.o(i.HAL_UART_TxCpltCallback)
    HardFault_Handler                        0x080043cf   Thumb Code     4  stm32h7xx_it.o(i.HardFault_Handler)
    KEY_BSP_Init                             0x080043d5   Thumb Code   214  key_bsp.o(i.KEY_BSP_Init)
    LED_BSP_Init                             0x080044c5   Thumb Code    58  led_bsp.o(i.LED_BSP_Init)
    MemManage_Handler                        0x08004509   Thumb Code     4  stm32h7xx_it.o(i.MemManage_Handler)
    NMI_Handler                              0x0800450d   Thumb Code     2  stm32h7xx_it.o(i.NMI_Handler)
    PendSV_Handler                           0x0800450f   Thumb Code     2  stm32h7xx_it.o(i.PendSV_Handler)
    SVC_Handler                              0x080047d9   Thumb Code     2  stm32h7xx_it.o(i.SVC_Handler)
    SysTick_Handler                          0x080047db   Thumb Code     8  stm32h7xx_it.o(i.SysTick_Handler)
    SystemInit                               0x080048dd   Thumb Code   146  system_stm32h7xx.o(i.SystemInit)
    TIM6_DAC_IRQHandler                      0x08004985   Thumb Code    10  bldc_sys_ctrl.o(i.TIM6_DAC_IRQHandler)
    TIM8_UP_TIM13_IRQHandler                 0x08004995   Thumb Code    10  pwm.o(i.TIM8_UP_TIM13_IRQHandler)
    TIM_Base_SetConfig                       0x080049a5   Thumb Code   170  stm32h7xx_hal_tim.o(i.TIM_Base_SetConfig)
    TIM_CCxChannelCmd                        0x08004a71   Thumb Code    34  stm32h7xx_hal_tim.o(i.TIM_CCxChannelCmd)
    TIM_OC2_SetConfig                        0x08004b41   Thumb Code   156  stm32h7xx_hal_tim.o(i.TIM_OC2_SetConfig)
    UART1_BSP_Init                           0x08004ded   Thumb Code    96  usart_bsp.o(i.UART1_BSP_Init)
    UART_AdvFeatureConfig                    0x08004e55   Thumb Code   248  stm32h7xx_hal_uart.o(i.UART_AdvFeatureConfig)
    UART_CheckIdleState                      0x08004f4d   Thumb Code   116  stm32h7xx_hal_uart.o(i.UART_CheckIdleState)
    UART_SetConfig                           0x08005025   Thumb Code  5860  stm32h7xx_hal_uart.o(i.UART_SetConfig)
    UART_WaitOnFlagUntilTimeout              0x08006715   Thumb Code   190  stm32h7xx_hal_uart.o(i.UART_WaitOnFlagUntilTimeout)
    USART1_IRQHandler                        0x080067d5   Thumb Code    32  usart_bsp.o(i.USART1_IRQHandler)
    UsageFault_Handler                       0x080067f9   Thumb Code     4  stm32h7xx_it.o(i.UsageFault_Handler)
    __ARM_fpclassify                         0x080067fd   Thumb Code    48  fpclassify.o(i.__ARM_fpclassify)
    _is_digit                                0x08006865   Thumb Code    14  __printf_wp.o(i._is_digit)
    _sys_exit                                0x08006873   Thumb Code     4  usart_bsp.o(i._sys_exit)
    bldc0_accelerate_pwm_set                 0x08006879   Thumb Code   274  pwm.o(i.bldc0_accelerate_pwm_set)
    bldc0_actutor_dir_set                    0x08006991   Thumb Code    12  bldc_sys_bldc_drive.o(i.bldc0_actutor_dir_set)
    bldc0_actutor_disable                    0x0800699d   Thumb Code    12  bldc_sys_bldc_drive.o(i.bldc0_actutor_disable)
    bldc0_actutor_enable                     0x080069a9   Thumb Code    12  bldc_sys_bldc_drive.o(i.bldc0_actutor_enable)
    bldc0_actutor_init                       0x080069b5   Thumb Code    12  bldc_sys_bldc_drive.o(i.bldc0_actutor_init)
    bldc0_actutor_speed_set                  0x080069c1   Thumb Code    48  bldc_sys_bldc_drive.o(i.bldc0_actutor_speed_set)
    bldc0_commutation_uhvl                   0x080069f5   Thumb Code    62  commutation.o(i.bldc0_commutation_uhvl)
    bldc0_commutation_uhwl                   0x08006a41   Thumb Code    62  commutation.o(i.bldc0_commutation_uhwl)
    bldc0_commutation_vhul                   0x08006a8d   Thumb Code    66  commutation.o(i.bldc0_commutation_vhul)
    bldc0_commutation_vhwl                   0x08006add   Thumb Code    64  commutation.o(i.bldc0_commutation_vhwl)
    bldc0_commutation_whul                   0x08006b29   Thumb Code    64  commutation.o(i.bldc0_commutation_whul)
    bldc0_commutation_whvl                   0x08006b75   Thumb Code    62  commutation.o(i.bldc0_commutation_whvl)
    bldc0_dir_set                            0x08006bc1   Thumb Code     8  pwm.o(i.bldc0_dir_set)
    bldc0_emf_zerodetect_init                0x08006bcd   Thumb Code     8  emf_zerodetect.o(i.bldc0_emf_zerodetect_init)
    bldc0_emfzero_detect_top                 0x08006c71   Thumb Code   136  emf_zerodetect.o(i.bldc0_emfzero_detect_top)
    bldc0_feedback_disable                   0x08006de1   Thumb Code     2  bldc_sys_bldc_feedback.o(i.bldc0_feedback_disable)
    bldc0_feedback_enable                    0x08006de3   Thumb Code     2  bldc_sys_bldc_feedback.o(i.bldc0_feedback_enable)
    bldc0_feedback_init                      0x08006de5   Thumb Code     8  bldc_sys_bldc_feedback.o(i.bldc0_feedback_init)
    bldc0_loop                               0x08006ded   Thumb Code     8  bldc_sys_ctrl.o(i.bldc0_loop)
    bldc0_loop_disable                       0x08006df5   Thumb Code    10  bldc_sys_ctrl.o(i.bldc0_loop_disable)
    bldc0_loop_enable                        0x08006e05   Thumb Code    10  bldc_sys_ctrl.o(i.bldc0_loop_enable)
    bldc0_loop_init                          0x08006e15   Thumb Code     8  bldc_sys_ctrl.o(i.bldc0_loop_init)
    bldc0_para_reset                         0x08006e81   Thumb Code   170  bldc_sys_ctrl.o(i.bldc0_para_reset)
    bldc0_pwm_disable                        0x08006f35   Thumb Code    94  pwm.o(i.bldc0_pwm_disable)
    bldc0_pwm_enable                         0x08006fa1   Thumb Code    34  pwm.o(i.bldc0_pwm_enable)
    bldc0_pwm_init                           0x08007125   Thumb Code    12  pwm.o(i.bldc0_pwm_init)
    bldc0_pwm_set                            0x08007131   Thumb Code    34  pwm.o(i.bldc0_pwm_set)
    bldc0_sd_disable                         0x08007219   Thumb Code    16  bldc_sys_bldc_drive.o(i.bldc0_sd_disable)
    bldc0_sd_enable                          0x0800722d   Thumb Code    14  bldc_sys_bldc_drive.o(i.bldc0_sd_enable)
    bldc0_sd_init                            0x08007241   Thumb Code    64  bldc_sys_bldc_drive.o(i.bldc0_sd_init)
    bldc0_sensorless_accelerate_commutation  0x0800728d   Thumb Code    62  commutation.o(i.bldc0_sensorless_accelerate_commutation)
    bldc0_sensorless_commutation             0x080072d5   Thumb Code    64  commutation.o(i.bldc0_sensorless_commutation)
    bldc0_speed_down                         0x08007321   Thumb Code   172  bldc_sys_ctrl.o(i.bldc0_speed_down)
    bldc0_speed_feedback                     0x080073e9   Thumb Code   256  bldc_sys_bldc_feedback.o(i.bldc0_speed_feedback)
    bldc0_speed_up                           0x080075d9   Thumb Code   172  bldc_sys_ctrl.o(i.bldc0_speed_up)
    bldc0_system_disable                     0x080076a1   Thumb Code    24  bldc_sys_ctrl.o(i.bldc0_system_disable)
    bldc0_system_enable                      0x080076b9   Thumb Code    82  bldc_sys_ctrl.o(i.bldc0_system_enable)
    bldc0_system_init                        0x08007715   Thumb Code    32  bldc_sys_ctrl.o(i.bldc0_system_init)
    bldc0_vvvf_top                           0x08007739   Thumb Code   120  vvvf.o(i.bldc0_vvvf_top)
    bldc_sensorless_top                      0x080077b5   Thumb Code   112  sensorless_ctrl.o(i.bldc_sensorless_top)
    delay_init                               0x08007829   Thumb Code    24  core_delay.o(i.delay_init)
    delay_ms                                 0x0800784d   Thumb Code    50  core_delay.o(i.delay_ms)
    delay_us                                 0x08007881   Thumb Code    68  core_delay.o(i.delay_us)
    fputc                                    0x08007ab9   Thumb Code    22  usart_bsp.o(i.fputc)
    main                                     0x08007ad5   Thumb Code   560  main.o(i.main)
    pid_inc_controller0_control              0x08007e69   Thumb Code   112  pid_ctrl.o(i.pid_inc_controller0_control)
    pid_inc_controller0_init                 0x08007edd   Thumb Code    68  pid_ctrl.o(i.pid_inc_controller0_init)
    pid_inc_controller0_para_reset           0x08007f31   Thumb Code    44  pid_ctrl.o(i.pid_inc_controller0_para_reset)
    _get_lc_numeric                          0x08008041   Thumb Code    44  lc_numeric_c.o(locale$$code)
    _fp_init                                 0x0800806d   Thumb Code    10  fpinit.o(x$fpl$fpinit)
    __fplib_config_fpu_vfp                   0x08008075   Thumb Code     0  fpinit.o(x$fpl$fpinit)
    __fplib_config_pureend_doubles           0x08008075   Thumb Code     0  fpinit.o(x$fpl$fpinit)
    _printf_fp_dec                           0x08008077   Thumb Code     4  printf1.o(x$fpl$printf1)
    D1CorePrescTable                         0x0800807a   Data          16  system_stm32h7xx.o(.constdata)
    __I$use$fp                               0x0800807a   Number         0  usenofp.o(x$fpl$usenofp)
    Region$$Table$$Base                      0x08008130   Number         0  anon$$obj.o(Region$$Table)
    Region$$Table$$Limit                     0x08008150   Number         0  anon$$obj.o(Region$$Table)
    SystemCoreClock                          0x20000000   Data           4  system_stm32h7xx.o(.data)
    SystemD2Clock                            0x20000004   Data           4  system_stm32h7xx.o(.data)
    uwTick                                   0x20000008   Data           4  stm32h7xx_hal.o(.data)
    uwTickPrio                               0x2000000c   Data           4  stm32h7xx_hal.o(.data)
    uwTickFreq                               0x20000010   Data           1  stm32h7xx_hal.o(.data)
    Key_Value                                0x20000014   Data           4  main.o(.data)
    USART_RX_STA                             0x2000001c   Data           2  usart_bsp.o(.data)
    aRxBuffer                                0x2000001e   Data           1  usart_bsp.o(.data)
    __stdout                                 0x20000020   Data           4  usart_bsp.o(.data)
    bldc0_fwd_commutation_funptr             0x20000024   Data          24  commutation.o(.data)
    bldc0_rev_commutation_funptr             0x2000003c   Data          24  commutation.o(.data)
    bldc0_accelerate_commutation_funptr      0x20000054   Data          24  commutation.o(.data)
    BLDC0                                    0x2000006c   Data         532  main.o(.bss)
    pid_pos_controller0                      0x20000280   Data          32  main.o(.bss)
    pid_inc_controller0                      0x200002a0   Data          32  main.o(.bss)
    USART_RX_BUF                             0x200002c0   Data         200  usart_bsp.o(.bss)
    UART1_Handle                             0x20000388   Data         140  usart_bsp.o(.bss)
    __libspace_start                         0x20000414   Data          96  libspace.o(.bss)
    __temporary_stack_top$libspace           0x20000474   Data           0  libspace.o(.bss)



==============================================================================

Memory Map of the image

  Image Entry point : 0x08000299

  Load Region LR_IROM1 (Base: 0x08000000, Size: 0x000081d8, Max: 0x00100000, ABSOLUTE)

    Execution Region ER_IROM1 (Base: 0x08000000, Size: 0x0000816c, Max: 0x00100000, ABSOLUTE)

    Base Addr    Size         Type   Attr      Idx    E Section Name        Object

    0x08000000   0x00000298   Data   RO            3    RESET               startup_stm32h743xx.o
    0x08000298   0x00000008   Code   RO         5051  * !!!main             c_w.l(__main.o)
    0x080002a0   0x00000034   Code   RO         5275    !!!scatter          c_w.l(__scatter.o)
    0x080002d4   0x0000001a   Code   RO         5277    !!handler_copy      c_w.l(__scatter_copy.o)
    0x080002ee   0x00000002   PAD
    0x080002f0   0x0000001c   Code   RO         5279    !!handler_zi        c_w.l(__scatter_zi.o)
    0x0800030c   0x00000000   Code   RO         5046    .ARM.Collect$$_printf_percent$$00000000  c_w.l(_printf_percent.o)
    0x0800030c   0x00000006   Code   RO         5045    .ARM.Collect$$_printf_percent$$00000003  c_w.l(_printf_f.o)
    0x08000312   0x00000004   Code   RO         5064    .ARM.Collect$$_printf_percent$$00000017  c_w.l(_printf_percent_end.o)
    0x08000316   0x00000002   Code   RO         5150    .ARM.Collect$$libinit$$00000000  c_w.l(libinit.o)
    0x08000318   0x00000004   Code   RO         5151    .ARM.Collect$$libinit$$00000001  c_w.l(libinit2.o)
    0x0800031c   0x00000000   Code   RO         5154    .ARM.Collect$$libinit$$00000004  c_w.l(libinit2.o)
    0x0800031c   0x00000000   Code   RO         5157    .ARM.Collect$$libinit$$0000000A  c_w.l(libinit2.o)
    0x0800031c   0x00000000   Code   RO         5159    .ARM.Collect$$libinit$$0000000C  c_w.l(libinit2.o)
    0x0800031c   0x00000000   Code   RO         5161    .ARM.Collect$$libinit$$0000000E  c_w.l(libinit2.o)
    0x0800031c   0x00000006   Code   RO         5162    .ARM.Collect$$libinit$$0000000F  c_w.l(libinit2.o)
    0x08000322   0x00000000   Code   RO         5164    .ARM.Collect$$libinit$$00000011  c_w.l(libinit2.o)
    0x08000322   0x00000000   Code   RO         5166    .ARM.Collect$$libinit$$00000013  c_w.l(libinit2.o)
    0x08000322   0x00000000   Code   RO         5168    .ARM.Collect$$libinit$$00000015  c_w.l(libinit2.o)
    0x08000322   0x0000000a   Code   RO         5169    .ARM.Collect$$libinit$$00000016  c_w.l(libinit2.o)
    0x0800032c   0x00000000   Code   RO         5170    .ARM.Collect$$libinit$$00000017  c_w.l(libinit2.o)
    0x0800032c   0x00000000   Code   RO         5172    .ARM.Collect$$libinit$$00000019  c_w.l(libinit2.o)
    0x0800032c   0x00000000   Code   RO         5174    .ARM.Collect$$libinit$$0000001B  c_w.l(libinit2.o)
    0x0800032c   0x00000000   Code   RO         5176    .ARM.Collect$$libinit$$0000001D  c_w.l(libinit2.o)
    0x0800032c   0x00000000   Code   RO         5178    .ARM.Collect$$libinit$$0000001F  c_w.l(libinit2.o)
    0x0800032c   0x00000000   Code   RO         5180    .ARM.Collect$$libinit$$00000021  c_w.l(libinit2.o)
    0x0800032c   0x00000000   Code   RO         5182    .ARM.Collect$$libinit$$00000023  c_w.l(libinit2.o)
    0x0800032c   0x00000000   Code   RO         5184    .ARM.Collect$$libinit$$00000025  c_w.l(libinit2.o)
    0x0800032c   0x00000000   Code   RO         5188    .ARM.Collect$$libinit$$0000002C  c_w.l(libinit2.o)
    0x0800032c   0x00000000   Code   RO         5190    .ARM.Collect$$libinit$$0000002E  c_w.l(libinit2.o)
    0x0800032c   0x00000000   Code   RO         5192    .ARM.Collect$$libinit$$00000030  c_w.l(libinit2.o)
    0x0800032c   0x00000000   Code   RO         5194    .ARM.Collect$$libinit$$00000032  c_w.l(libinit2.o)
    0x0800032c   0x00000002   Code   RO         5195    .ARM.Collect$$libinit$$00000033  c_w.l(libinit2.o)
    0x0800032e   0x00000002   Code   RO         5237    .ARM.Collect$$libshutdown$$00000000  c_w.l(libshutdown.o)
    0x08000330   0x00000000   Code   RO         5258    .ARM.Collect$$libshutdown$$00000002  c_w.l(libshutdown2.o)
    0x08000330   0x00000000   Code   RO         5260    .ARM.Collect$$libshutdown$$00000004  c_w.l(libshutdown2.o)
    0x08000330   0x00000000   Code   RO         5263    .ARM.Collect$$libshutdown$$00000007  c_w.l(libshutdown2.o)
    0x08000330   0x00000000   Code   RO         5266    .ARM.Collect$$libshutdown$$0000000A  c_w.l(libshutdown2.o)
    0x08000330   0x00000000   Code   RO         5268    .ARM.Collect$$libshutdown$$0000000C  c_w.l(libshutdown2.o)
    0x08000330   0x00000000   Code   RO         5271    .ARM.Collect$$libshutdown$$0000000F  c_w.l(libshutdown2.o)
    0x08000330   0x00000002   Code   RO         5272    .ARM.Collect$$libshutdown$$00000010  c_w.l(libshutdown2.o)
    0x08000332   0x00000000   Code   RO         5055    .ARM.Collect$$rtentry$$00000000  c_w.l(__rtentry.o)
    0x08000332   0x00000000   Code   RO         5066    .ARM.Collect$$rtentry$$00000002  c_w.l(__rtentry2.o)
    0x08000332   0x00000006   Code   RO         5078    .ARM.Collect$$rtentry$$00000004  c_w.l(__rtentry4.o)
    0x08000338   0x00000000   Code   RO         5068    .ARM.Collect$$rtentry$$00000009  c_w.l(__rtentry2.o)
    0x08000338   0x00000004   Code   RO         5069    .ARM.Collect$$rtentry$$0000000A  c_w.l(__rtentry2.o)
    0x0800033c   0x00000000   Code   RO         5071    .ARM.Collect$$rtentry$$0000000C  c_w.l(__rtentry2.o)
    0x0800033c   0x00000008   Code   RO         5072    .ARM.Collect$$rtentry$$0000000D  c_w.l(__rtentry2.o)
    0x08000344   0x00000002   Code   RO         5196    .ARM.Collect$$rtexit$$00000000  c_w.l(rtexit.o)
    0x08000346   0x00000000   Code   RO         5209    .ARM.Collect$$rtexit$$00000002  c_w.l(rtexit2.o)
    0x08000346   0x00000004   Code   RO         5210    .ARM.Collect$$rtexit$$00000003  c_w.l(rtexit2.o)
    0x0800034a   0x00000006   Code   RO         5211    .ARM.Collect$$rtexit$$00000004  c_w.l(rtexit2.o)
    0x08000350   0x00000040   Code   RO            4    .text               startup_stm32h743xx.o
    0x08000390   0x000000ee   Code   RO         5017    .text               c_w.l(lludivv7m.o)
    0x0800047e   0x00000002   PAD
    0x08000480   0x00000018   Code   RO         5021    .text               c_w.l(noretval__2printf.o)
    0x08000498   0x00000138   Code   RO         5037    .text               c_w.l(__printf_flags_wp.o)
    0x080005d0   0x0000004e   Code   RO         5047    .text               c_w.l(rt_memclr_w.o)
    0x0800061e   0x00000006   Code   RO         5049    .text               c_w.l(heapauxi.o)
    0x08000624   0x0000041a   Code   RO         5060    .text               c_w.l(_printf_fp_dec.o)
    0x08000a3e   0x00000002   PAD
    0x08000a40   0x00000024   Code   RO         5062    .text               c_w.l(_printf_char_file.o)
    0x08000a64   0x00000008   Code   RO         5085    .text               c_w.l(rt_locale_intlibspace.o)
    0x08000a6c   0x0000008a   Code   RO         5087    .text               c_w.l(lludiv10.o)
    0x08000af6   0x00000002   PAD
    0x08000af8   0x00000030   Code   RO         5089    .text               c_w.l(_printf_char_common.o)
    0x08000b28   0x00000080   Code   RO         5091    .text               c_w.l(_printf_fp_infnan.o)
    0x08000ba8   0x000000dc   Code   RO         5093    .text               c_w.l(bigflt0.o)
    0x08000c84   0x00000008   Code   RO         5118    .text               c_w.l(ferror.o)
    0x08000c8c   0x00000008   Code   RO         5130    .text               c_w.l(libspace.o)
    0x08000c94   0x0000004a   Code   RO         5133    .text               c_w.l(sys_stackheap_outer.o)
    0x08000cde   0x00000012   Code   RO         5137    .text               c_w.l(exit.o)
    0x08000cf0   0x00000068   Code   RO         5143    .text               c_w.l(strcmpv7m_pel.o)
    0x08000d58   0x0000003e   Code   RO         5096    CL$$btod_d2e        c_w.l(btod.o)
    0x08000d96   0x00000046   Code   RO         5098    CL$$btod_d2e_denorm_low  c_w.l(btod.o)
    0x08000ddc   0x00000060   Code   RO         5097    CL$$btod_d2e_norm_op1  c_w.l(btod.o)
    0x08000e3c   0x00000338   Code   RO         5106    CL$$btod_div_common  c_w.l(btod.o)
    0x08001174   0x000000c6   Code   RO         5103    CL$$btod_e2e        c_w.l(btod.o)
    0x0800123a   0x00000028   Code   RO         5100    CL$$btod_ediv       c_w.l(btod.o)
    0x08001262   0x00000028   Code   RO         5099    CL$$btod_emul       c_w.l(btod.o)
    0x0800128a   0x00000244   Code   RO         5105    CL$$btod_mult_common  c_w.l(btod.o)
    0x080014ce   0x00000004   Code   RO         4058    i.BusFault_Handler  stm32h7xx_it.o
    0x080014d2   0x00000002   Code   RO         4059    i.DebugMon_Handler  stm32h7xx_it.o
    0x080014d4   0x0000000a   Code   RO         4240    i.EXTI0_IRQHandler  key_bsp.o
    0x080014de   0x0000000c   Code   RO         4241    i.EXTI15_10_IRQHandler  key_bsp.o
    0x080014ea   0x0000000a   Code   RO         4242    i.EXTI2_IRQHandler  key_bsp.o
    0x080014f4   0x0000000a   Code   RO         4243    i.EXTI3_IRQHandler  key_bsp.o
    0x080014fe   0x00000002   PAD
    0x08001500   0x000002a0   Code   RO         1023    i.HAL_DMA_Abort_IT  stm32h7xx_hal_dma.o
    0x080017a0   0x00000080   Code   RO         4244    i.HAL_GPIO_EXTI_Callback  key_bsp.o
    0x08001820   0x0000001c   Code   RO         1424    i.HAL_GPIO_EXTI_IRQHandler  stm32h7xx_hal_gpio.o
    0x0800183c   0x00000208   Code   RO         1425    i.HAL_GPIO_Init     stm32h7xx_hal_gpio.o
    0x08001a44   0x00000010   Code   RO         1427    i.HAL_GPIO_ReadPin  stm32h7xx_hal_gpio.o
    0x08001a54   0x0000000c   Code   RO         1429    i.HAL_GPIO_WritePin  stm32h7xx_hal_gpio.o
    0x08001a60   0x0000000c   Code   RO          188    i.HAL_GetREVID      stm32h7xx_hal.o
    0x08001a6c   0x0000000c   Code   RO          189    i.HAL_GetTick       stm32h7xx_hal.o
    0x08001a78   0x00000060   Code   RO          196    i.HAL_Init          stm32h7xx_hal.o
    0x08001ad8   0x00000058   Code   RO          197    i.HAL_InitTick      stm32h7xx_hal.o
    0x08001b30   0x00000002   Code   RO          199    i.HAL_MspInit       stm32h7xx_hal.o
    0x08001b32   0x00000020   Code   RO         1282    i.HAL_NVIC_EnableIRQ  stm32h7xx_hal_cortex.o
    0x08001b52   0x0000007a   Code   RO         1288    i.HAL_NVIC_SetPriority  stm32h7xx_hal_cortex.o
    0x08001bcc   0x00000028   Code   RO         1289    i.HAL_NVIC_SetPriorityGrouping  stm32h7xx_hal_cortex.o
    0x08001bf4   0x00000060   Code   RO         2598    i.HAL_PWREx_ConfigSupply  stm32h7xx_hal_pwr_ex_1.o
    0x08001c54   0x00000030   Code   RO         2965    i.HAL_RCCEx_GetD1SysClockFreq  stm32h7xx_hal_rcc_ex_1.o
    0x08001c84   0x00000024   Code   RO         2966    i.HAL_RCCEx_GetD3PCLK1Freq  stm32h7xx_hal_rcc_ex_1.o
    0x08001ca8   0x00000230   Code   RO         2968    i.HAL_RCCEx_GetPLL2ClockFreq  stm32h7xx_hal_rcc_ex_1.o
    0x08001ed8   0x00000230   Code   RO         2969    i.HAL_RCCEx_GetPLL3ClockFreq  stm32h7xx_hal_rcc_ex_1.o
    0x08002108   0x00000b44   Code   RO         2973    i.HAL_RCCEx_PeriphCLKConfig  stm32h7xx_hal_rcc_ex_1.o
    0x08002c4c   0x00000300   Code   RO         2852    i.HAL_RCC_ClockConfig  stm32h7xx_hal_rcc_1.o
    0x08002f4c   0x00000030   Code   RO         2857    i.HAL_RCC_GetHCLKFreq  stm32h7xx_hal_rcc_1.o
    0x08002f7c   0x00000024   Code   RO         2859    i.HAL_RCC_GetPCLK1Freq  stm32h7xx_hal_rcc_1.o
    0x08002fa0   0x00000024   Code   RO         2860    i.HAL_RCC_GetPCLK2Freq  stm32h7xx_hal_rcc_1.o
    0x08002fc4   0x0000022c   Code   RO         2861    i.HAL_RCC_GetSysClockFreq  stm32h7xx_hal_rcc_1.o
    0x080031f0   0x00000748   Code   RO         2864    i.HAL_RCC_OscConfig  stm32h7xx_hal_rcc_1.o
    0x08003938   0x00000028   Code   RO         1291    i.HAL_SYSTICK_CLKSourceConfig  stm32h7xx_hal_cortex.o
    0x08003960   0x00000002   Code   RO         1292    i.HAL_SYSTICK_Callback  stm32h7xx_hal_cortex.o
    0x08003962   0x00000034   Code   RO         1293    i.HAL_SYSTICK_Config  stm32h7xx_hal_cortex.o
    0x08003996   0x00000008   Code   RO         1294    i.HAL_SYSTICK_IRQHandler  stm32h7xx_hal_cortex.o
    0x0800399e   0x00000002   Code   RO         2198    i.HAL_TIMEx_Break2Callback  stm32h7xx_hal_tim_ex.o
    0x080039a0   0x00000002   Code   RO         2199    i.HAL_TIMEx_BreakCallback  stm32h7xx_hal_tim_ex.o
    0x080039a2   0x00000002   Code   RO         2200    i.HAL_TIMEx_CommutCallback  stm32h7xx_hal_tim_ex.o
    0x080039a4   0x0000008c   Code   RO         2204    i.HAL_TIMEx_ConfigCommutEvent  stm32h7xx_hal_tim_ex.o
    0x08003a30   0x00000034   Code   RO         1490    i.HAL_TIM_Base_Init  stm32h7xx_hal_tim.o
    0x08003a64   0x00000002   Code   RO         1492    i.HAL_TIM_Base_MspInit  stm32h7xx_hal_tim.o
    0x08003a66   0x00000002   PAD
    0x08003a68   0x00000038   Code   RO         1495    i.HAL_TIM_Base_Start_IT  stm32h7xx_hal_tim.o
    0x08003aa0   0x00000038   Code   RO         1498    i.HAL_TIM_Base_Stop_IT  stm32h7xx_hal_tim.o
    0x08003ad8   0x00000036   Code   RO         1520    i.HAL_TIM_GenerateEvent  stm32h7xx_hal_tim.o
    0x08003b0e   0x00000002   Code   RO         1521    i.HAL_TIM_IC_CaptureCallback  stm32h7xx_hal_tim.o
    0x08003b10   0x000001b8   Code   RO         1535    i.HAL_TIM_IRQHandler  stm32h7xx_hal_tim.o
    0x08003cc8   0x00000002   Code   RO         1538    i.HAL_TIM_OC_DelayElapsedCallback  stm32h7xx_hal_tim.o
    0x08003cca   0x00000174   Code   RO         1559    i.HAL_TIM_PWM_ConfigChannel  stm32h7xx_hal_tim.o
    0x08003e3e   0x00000034   Code   RO         1562    i.HAL_TIM_PWM_Init  stm32h7xx_hal_tim.o
    0x08003e72   0x00000002   Code   RO         1564    i.HAL_TIM_PWM_MspInit  stm32h7xx_hal_tim.o
    0x08003e74   0x00000002   Code   RO         1565    i.HAL_TIM_PWM_PulseFinishedCallback  stm32h7xx_hal_tim.o
    0x08003e76   0x00000002   PAD
    0x08003e78   0x00000088   Code   RO         1567    i.HAL_TIM_PWM_Start  stm32h7xx_hal_tim.o
    0x08003f00   0x000000ac   Code   RO         1570    i.HAL_TIM_PWM_Stop  stm32h7xx_hal_tim.o
    0x08003fac   0x00000024   Code   RO         4614    i.HAL_TIM_PeriodElapsedCallback  bldc_sys_tim_callback.o
    0x08003fd0   0x00000002   Code   RO         1578    i.HAL_TIM_TriggerCallback  stm32h7xx_hal_tim.o
    0x08003fd2   0x00000002   Code   RO         3524    i.HAL_UARTEx_RxFifoFullCallback  stm32h7xx_hal_uart_ex.o
    0x08003fd4   0x00000002   Code   RO         3528    i.HAL_UARTEx_TxFifoEmptyCallback  stm32h7xx_hal_uart_ex.o
    0x08003fd6   0x00000002   Code   RO         3529    i.HAL_UARTEx_WakeupCallback  stm32h7xx_hal_uart_ex.o
    0x08003fd8   0x00000002   Code   RO         3143    i.HAL_UART_ErrorCallback  stm32h7xx_hal_uart.o
    0x08003fda   0x00000002   PAD
    0x08003fdc   0x0000020c   Code   RO         3146    i.HAL_UART_IRQHandler  stm32h7xx_hal_uart.o
    0x080041e8   0x00000078   Code   RO         3147    i.HAL_UART_Init     stm32h7xx_hal_uart.o
    0x08004260   0x00000098   Code   RO         4319    i.HAL_UART_MspInit  usart_bsp.o
    0x080042f8   0x000000d4   Code   RO         3156    i.HAL_UART_Transmit  stm32h7xx_hal_uart.o
    0x080043cc   0x00000002   Code   RO         3159    i.HAL_UART_TxCpltCallback  stm32h7xx_hal_uart.o
    0x080043ce   0x00000004   Code   RO         4060    i.HardFault_Handler  stm32h7xx_it.o
    0x080043d2   0x00000002   PAD
    0x080043d4   0x000000f0   Code   RO         4245    i.KEY_BSP_Init      key_bsp.o
    0x080044c4   0x00000044   Code   RO         4295    i.LED_BSP_Init      led_bsp.o
    0x08004508   0x00000004   Code   RO         4061    i.MemManage_Handler  stm32h7xx_it.o
    0x0800450c   0x00000002   Code   RO         4062    i.NMI_Handler       stm32h7xx_it.o
    0x0800450e   0x00000002   Code   RO         4063    i.PendSV_Handler    stm32h7xx_it.o
    0x08004510   0x00000164   Code   RO         2976    i.RCCEx_PLL2_Config  stm32h7xx_hal_rcc_ex_1.o
    0x08004674   0x00000164   Code   RO         2977    i.RCCEx_PLL3_Config  stm32h7xx_hal_rcc_ex_1.o
    0x080047d8   0x00000002   Code   RO         4064    i.SVC_Handler       stm32h7xx_it.o
    0x080047da   0x00000008   Code   RO         4065    i.SysTick_Handler   stm32h7xx_it.o
    0x080047e2   0x00000002   PAD
    0x080047e4   0x000000f8   Code   RO         3986    i.SystemClock_Config  main.o
    0x080048dc   0x000000a8   Code   RO           14    i.SystemInit        system_stm32h7xx.o
    0x08004984   0x00000010   Code   RO         4513    i.TIM6_DAC_IRQHandler  bldc_sys_ctrl.o
    0x08004994   0x00000010   Code   RO         4782    i.TIM8_UP_TIM13_IRQHandler  pwm.o
    0x080049a4   0x000000cc   Code   RO         1580    i.TIM_Base_SetConfig  stm32h7xx_hal_tim.o
    0x08004a70   0x00000022   Code   RO         1581    i.TIM_CCxChannelCmd  stm32h7xx_hal_tim.o
    0x08004a92   0x00000002   PAD
    0x08004a94   0x000000ac   Code   RO         1593    i.TIM_OC1_SetConfig  stm32h7xx_hal_tim.o
    0x08004b40   0x000000b4   Code   RO         1594    i.TIM_OC2_SetConfig  stm32h7xx_hal_tim.o
    0x08004bf4   0x000000b0   Code   RO         1595    i.TIM_OC3_SetConfig  stm32h7xx_hal_tim.o
    0x08004ca4   0x00000070   Code   RO         1596    i.TIM_OC4_SetConfig  stm32h7xx_hal_tim.o
    0x08004d14   0x0000006c   Code   RO         1597    i.TIM_OC5_SetConfig  stm32h7xx_hal_tim.o
    0x08004d80   0x0000006c   Code   RO         1598    i.TIM_OC6_SetConfig  stm32h7xx_hal_tim.o
    0x08004dec   0x00000068   Code   RO         4320    i.UART1_BSP_Init    usart_bsp.o
    0x08004e54   0x000000f8   Code   RO         3161    i.UART_AdvFeatureConfig  stm32h7xx_hal_uart.o
    0x08004f4c   0x00000074   Code   RO         3162    i.UART_CheckIdleState  stm32h7xx_hal_uart.o
    0x08004fc0   0x00000018   Code   RO         3163    i.UART_DMAAbortOnError  stm32h7xx_hal_uart.o
    0x08004fd8   0x00000028   Code   RO         3173    i.UART_EndRxTransfer  stm32h7xx_hal_uart.o
    0x08005000   0x00000022   Code   RO         3174    i.UART_EndTransmit_IT  stm32h7xx_hal_uart.o
    0x08005022   0x00000002   PAD
    0x08005024   0x000016f0   Code   RO         3180    i.UART_SetConfig    stm32h7xx_hal_uart.o
    0x08006714   0x000000be   Code   RO         3185    i.UART_WaitOnFlagUntilTimeout  stm32h7xx_hal_uart.o
    0x080067d2   0x00000002   PAD
    0x080067d4   0x00000024   Code   RO         4321    i.USART1_IRQHandler  usart_bsp.o
    0x080067f8   0x00000004   Code   RO         4066    i.UsageFault_Handler  stm32h7xx_it.o
    0x080067fc   0x00000030   Code   RO         5128    i.__ARM_fpclassify  m_wv.l(fpclassify.o)
    0x0800682c   0x00000010   Code   RO         1295    i.__NVIC_GetPriorityGrouping  stm32h7xx_hal_cortex.o
    0x0800683c   0x00000028   Code   RO         1296    i.__NVIC_SetPriority  stm32h7xx_hal_cortex.o
    0x08006864   0x0000000e   Code   RO         5035    i._is_digit         c_w.l(__printf_wp.o)
    0x08006872   0x00000004   Code   RO         4324    i._sys_exit         usart_bsp.o
    0x08006876   0x00000002   PAD
    0x08006878   0x00000118   Code   RO         4783    i.bldc0_accelerate_pwm_set  pwm.o
    0x08006990   0x0000000c   Code   RO         4396    i.bldc0_actutor_dir_set  bldc_sys_bldc_drive.o
    0x0800699c   0x0000000c   Code   RO         4397    i.bldc0_actutor_disable  bldc_sys_bldc_drive.o
    0x080069a8   0x0000000c   Code   RO         4398    i.bldc0_actutor_enable  bldc_sys_bldc_drive.o
    0x080069b4   0x0000000c   Code   RO         4399    i.bldc0_actutor_init  bldc_sys_bldc_drive.o
    0x080069c0   0x00000034   Code   RO         4400    i.bldc0_actutor_speed_set  bldc_sys_bldc_drive.o
    0x080069f4   0x0000004c   Code   RO         4639    i.bldc0_commutation_uhvl  commutation.o
    0x08006a40   0x0000004c   Code   RO         4640    i.bldc0_commutation_uhwl  commutation.o
    0x08006a8c   0x00000050   Code   RO         4641    i.bldc0_commutation_vhul  commutation.o
    0x08006adc   0x0000004c   Code   RO         4642    i.bldc0_commutation_vhwl  commutation.o
    0x08006b28   0x0000004c   Code   RO         4643    i.bldc0_commutation_whul  commutation.o
    0x08006b74   0x0000004c   Code   RO         4644    i.bldc0_commutation_whvl  commutation.o
    0x08006bc0   0x0000000c   Code   RO         4784    i.bldc0_dir_set     pwm.o
    0x08006bcc   0x00000008   Code   RO         4853    i.bldc0_emf_zerodetect_init  emf_zerodetect.o
    0x08006bd4   0x00000030   Code   RO         4854    i.bldc0_emfedge_detect  emf_zerodetect.o
    0x08006c04   0x0000006c   Code   RO         4855    i.bldc0_emfzero_ctrl  emf_zerodetect.o
    0x08006c70   0x0000008c   Code   RO         4856    i.bldc0_emfzero_detect_top  emf_zerodetect.o
    0x08006cfc   0x000000e4   Code   RO         4857    i.bldc0_emfzero_gpio_init  emf_zerodetect.o
    0x08006de0   0x00000002   Code   RO         4470    i.bldc0_feedback_disable  bldc_sys_bldc_feedback.o
    0x08006de2   0x00000002   Code   RO         4471    i.bldc0_feedback_enable  bldc_sys_bldc_feedback.o
    0x08006de4   0x00000008   Code   RO         4472    i.bldc0_feedback_init  bldc_sys_bldc_feedback.o
    0x08006dec   0x00000008   Code   RO         4514    i.bldc0_loop        bldc_sys_ctrl.o
    0x08006df4   0x00000010   Code   RO         4515    i.bldc0_loop_disable  bldc_sys_ctrl.o
    0x08006e04   0x00000010   Code   RO         4516    i.bldc0_loop_enable  bldc_sys_ctrl.o
    0x08006e14   0x00000008   Code   RO         4517    i.bldc0_loop_init   bldc_sys_ctrl.o
    0x08006e1c   0x00000064   Code   RO         4518    i.bldc0_loop_tim_init  bldc_sys_ctrl.o
    0x08006e80   0x000000b4   Code   RO         4519    i.bldc0_para_reset  bldc_sys_ctrl.o
    0x08006f34   0x0000006c   Code   RO         4785    i.bldc0_pwm_disable  pwm.o
    0x08006fa0   0x00000028   Code   RO         4786    i.bldc0_pwm_enable  pwm.o
    0x08006fc8   0x0000015c   Code   RO         4787    i.bldc0_pwm_gpio_init  pwm.o
    0x08007124   0x0000000c   Code   RO         4788    i.bldc0_pwm_init    pwm.o
    0x08007130   0x00000030   Code   RO         4789    i.bldc0_pwm_set     pwm.o
    0x08007160   0x000000b8   Code   RO         4790    i.bldc0_pwm_tim_init  pwm.o
    0x08007218   0x00000014   Code   RO         4401    i.bldc0_sd_disable  bldc_sys_bldc_drive.o
    0x0800722c   0x00000014   Code   RO         4402    i.bldc0_sd_enable   bldc_sys_bldc_drive.o
    0x08007240   0x0000004c   Code   RO         4403    i.bldc0_sd_init     bldc_sys_bldc_drive.o
    0x0800728c   0x00000048   Code   RO         4645    i.bldc0_sensorless_accelerate_commutation  commutation.o
    0x080072d4   0x0000004c   Code   RO         4646    i.bldc0_sensorless_commutation  commutation.o
    0x08007320   0x000000c8   Code   RO         4521    i.bldc0_speed_down  bldc_sys_ctrl.o
    0x080073e8   0x00000114   Code   RO         4473    i.bldc0_speed_feedback  bldc_sys_bldc_feedback.o
    0x080074fc   0x000000dc   Code   RO         4522    i.bldc0_speed_loop  bldc_sys_ctrl.o
    0x080075d8   0x000000c8   Code   RO         4523    i.bldc0_speed_up    bldc_sys_ctrl.o
    0x080076a0   0x00000018   Code   RO         4524    i.bldc0_system_disable  bldc_sys_ctrl.o
    0x080076b8   0x0000005c   Code   RO         4525    i.bldc0_system_enable  bldc_sys_ctrl.o
    0x08007714   0x00000024   Code   RO         4526    i.bldc0_system_init  bldc_sys_ctrl.o
    0x08007738   0x0000007c   Code   RO         4934    i.bldc0_vvvf_top    vvvf.o
    0x080077b4   0x00000074   Code   RO         4909    i.bldc_sensorless_top  sensorless_ctrl.o
    0x08007828   0x00000024   Code   RO         4197    i.delay_init        core_delay.o
    0x0800784c   0x00000032   Code   RO         4198    i.delay_ms          core_delay.o
    0x0800787e   0x00000002   PAD
    0x08007880   0x00000048   Code   RO         4199    i.delay_us          core_delay.o
    0x080078c8   0x000000dc   Code   RO         4858    i.emfzero_analysis  emf_zerodetect.o
    0x080079a4   0x00000114   Code   RO         4859    i.emfzero_detect    emf_zerodetect.o
    0x08007ab8   0x0000001c   Code   RO         4326    i.fputc             usart_bsp.o
    0x08007ad4   0x00000394   Code   RO         3987    i.main              main.o
    0x08007e68   0x00000074   Code   RO         4715    i.pid_inc_controller0_control  pid_ctrl.o
    0x08007edc   0x00000054   Code   RO         4716    i.pid_inc_controller0_init  pid_ctrl.o
    0x08007f30   0x00000034   Code   RO         4717    i.pid_inc_controller0_para_reset  pid_ctrl.o
    0x08007f64   0x000000b4   Code   RO         4935    i.vvvf_commutation  vvvf.o
    0x08008018   0x00000028   Code   RO         4936    i.vvvf_start        vvvf.o
    0x08008040   0x0000002c   Code   RO         5123    locale$$code        c_w.l(lc_numeric_c.o)
    0x0800806c   0x0000000a   Code   RO         5206    x$fpl$fpinit        fz_wv.l(fpinit.o)
    0x08008076   0x00000004   Code   RO         5053    x$fpl$printf1       fz_wv.l(printf1.o)
    0x0800807a   0x00000000   Code   RO         5127    x$fpl$usenofp       fz_wv.l(usenofp.o)
    0x0800807a   0x00000010   Data   RO           15    .constdata          system_stm32h7xx.o
    0x0800808a   0x00000011   Data   RO         5038    .constdata          c_w.l(__printf_flags_wp.o)
    0x0800809b   0x00000001   PAD
    0x0800809c   0x00000094   Data   RO         5094    .constdata          c_w.l(bigflt0.o)
    0x08008130   0x00000020   Data   RO         5273    Region$$Table       anon$$obj.o
    0x08008150   0x0000001c   Data   RO         5122    locale$$data        c_w.l(lc_numeric_c.o)


    Execution Region RW_IRAM1 (Base: 0x20000000, Size: 0x00000a78, Max: 0x00020000, ABSOLUTE)

    Base Addr    Size         Type   Attr      Idx    E Section Name        Object

    0x20000000   0x00000008   Data   RW           16    .data               system_stm32h7xx.o
    0x20000008   0x00000009   Data   RW          218    .data               stm32h7xx_hal.o
    0x20000011   0x00000003   PAD
    0x20000014   0x00000004   Data   RW         3989    .data               main.o
    0x20000018   0x00000004   Data   RW         4200    .data               core_delay.o
    0x2000001c   0x00000008   Data   RW         4328    .data               usart_bsp.o
    0x20000024   0x00000048   Data   RW         4648    .data               commutation.o
    0x2000006c   0x00000254   Zero   RW         3988    .bss                main.o
    0x200002c0   0x00000154   Zero   RW         4327    .bss                usart_bsp.o
    0x20000414   0x00000060   Zero   RW         5131    .bss                c_w.l(libspace.o)
    0x20000474   0x00000004   PAD
    0x20000478   0x00000200   Zero   RW            2    HEAP                startup_stm32h743xx.o
    0x20000678   0x00000400   Zero   RW            1    STACK               startup_stm32h743xx.o


==============================================================================

Image component sizes


      Code (inc. data)   RO Data    RW Data    ZI Data      Debug   Object Name

       216         26          0          0          0       7943   bldc_sys_bldc_drive.o
       288         20          0          0          0       2362   bldc_sys_bldc_feedback.o
      1116        138          0          0          0       7670   bldc_sys_ctrl.o
        36          6          0          0          0       1012   bldc_sys_tim_callback.o
       608        102          0         72          0       5439   commutation.o
       158         16          0          4          0       2027   core_delay.o
      1028         44          0          0          0       4843   emf_zerodetect.o
       410         44          0          0          0       3788   key_bsp.o
        68         10          0          0          0        907   led_bsp.o
      1164        366          0          4        596       5201   main.o
       252         28          0          0          0       1706   pid_ctrl.o
      1048        106          0          0          0       5502   pwm.o
       116          4          0          0          0        658   sensorless_ctrl.o
        64         26        664          0       1536        976   startup_stm32h743xx.o
       210         40          0          9          0      22300   stm32h7xx_hal.o
       352         22          0          0          0      41285   stm32h7xx_hal_cortex.o
       672          8          0          0          0       2363   stm32h7xx_hal_dma.o
       576         56          0          0          0       3718   stm32h7xx_hal_gpio.o
        96          6          0          0          0        777   stm32h7xx_hal_pwr_ex_1.o
      3308        102          0          0          0       6640   stm32h7xx_hal_rcc_1.o
      4800        122          0          0          0       7827   stm32h7xx_hal_rcc_ex_1.o
      2496        220          0          0          0      16781   stm32h7xx_hal_tim.o
       146          6          0          0          0       3046   stm32h7xx_hal_tim_ex.o
      7384        158          0          0          0      13834   stm32h7xx_hal_uart.o
         6          0          0          0          0       2233   stm32h7xx_hal_uart_ex.o
        32          0          0          0          0       4290   stm32h7xx_it.o
       168         22         16          8          0    1250757   system_stm32h7xx.o
       324         32          0          8        340       4999   usart_bsp.o
       344         22          0          0          0       1629   vvvf.o

    ----------------------------------------------------------------------
     27508       1752        712        108       2472    1432513   Object Totals
         0          0         32          0          0          0   (incl. Generated)
        22          0          0          3          0          0   (incl. Padding)

    ----------------------------------------------------------------------

      Code (inc. data)   RO Data    RW Data    ZI Data      Debug   Library Member Name

         8          0          0          0          0         68   __main.o
       312          4         17          0          0         92   __printf_flags_wp.o
        14          0          0          0          0         68   __printf_wp.o
         0          0          0          0          0          0   __rtentry.o
        12          0          0          0          0          0   __rtentry2.o
         6          0          0          0          0          0   __rtentry4.o
        52          8          0          0          0          0   __scatter.o
        26          0          0          0          0          0   __scatter_copy.o
        28          0          0          0          0          0   __scatter_zi.o
        48          6          0          0          0         96   _printf_char_common.o
        36          4          0          0          0         80   _printf_char_file.o
         6          0          0          0          0          0   _printf_f.o
      1050          0          0          0          0        216   _printf_fp_dec.o
       128         16          0          0          0         84   _printf_fp_infnan.o
         0          0          0          0          0          0   _printf_percent.o
         4          0          0          0          0          0   _printf_percent_end.o
       220          4        148          0          0         96   bigflt0.o
      1910        128          0          0          0        672   btod.o
        18          0          0          0          0         80   exit.o
         8          0          0          0          0         68   ferror.o
         6          0          0          0          0        152   heapauxi.o
        44         10         28          0          0         76   lc_numeric_c.o
         2          0          0          0          0          0   libinit.o
        22          0          0          0          0          0   libinit2.o
         2          0          0          0          0          0   libshutdown.o
         2          0          0          0          0          0   libshutdown2.o
         8          4          0          0         96         68   libspace.o
       138          0          0          0          0         80   lludiv10.o
       238          0          0          0          0        100   lludivv7m.o
        24          4          0          0          0         84   noretval__2printf.o
         8          4          0          0          0         68   rt_locale_intlibspace.o
        78          0          0          0          0         80   rt_memclr_w.o
         2          0          0          0          0          0   rtexit.o
        10          0          0          0          0          0   rtexit2.o
       104          0          0          0          0         68   strcmpv7m_pel.o
        74          0          0          0          0         80   sys_stackheap_outer.o
        10          0          0          0          0        116   fpinit.o
         4          0          0          0          0        116   printf1.o
         0          0          0          0          0          0   usenofp.o
        48          0          0          0          0        124   fpclassify.o

    ----------------------------------------------------------------------
      4718        192        194          0        100       2832   Library Totals
         8          0          1          0          4          0   (incl. Padding)

    ----------------------------------------------------------------------

      Code (inc. data)   RO Data    RW Data    ZI Data      Debug   Library Name

      4648        192        193          0         96       2476   c_w.l
        14          0          0          0          0        232   fz_wv.l
        48          0          0          0          0        124   m_wv.l

    ----------------------------------------------------------------------
      4718        192        194          0        100       2832   Library Totals

    ----------------------------------------------------------------------

==============================================================================


      Code (inc. data)   RO Data    RW Data    ZI Data      Debug   

     32226       1944        906        108       2572    1419045   Grand Totals
     32226       1944        906        108       2572    1419045   ELF Image Totals
     32226       1944        906        108          0          0   ROM Totals

==============================================================================

    Total RO  Size (Code + RO Data)                33132 (  32.36kB)
    Total RW  Size (RW Data + ZI Data)              2680 (   2.62kB)
    Total ROM Size (Code + RO Data + RW Data)      33240 (  32.46kB)

==============================================================================

